Archive member included to satisfy reference by file (symbol)

/usr/lib/gcc/arm-none-eabi/12.2.1/thumb/v6-m/nofp/libgcc.a(_dvmd_tls.o)
                              CMakeFiles/blinkExternal.dir/home/tom/RTOS_RC_Car/pico-sdk/src/rp2_common/pico_divider/divider.S.obj (__aeabi_idiv0)
/usr/lib/gcc/arm-none-eabi/12.2.1/../../../arm-none-eabi/lib/thumb/v6-m/nofp/libc.a(lib_a-atexit.o)
                              /usr/lib/gcc/arm-none-eabi/12.2.1/../../../arm-none-eabi/lib/thumb/v6-m/nofp/crt0.o (atexit)
/usr/lib/gcc/arm-none-eabi/12.2.1/../../../arm-none-eabi/lib/thumb/v6-m/nofp/libc.a(lib_a-calloc.o)
                              CMakeFiles/blinkExternal.dir/home/tom/RTOS_RC_Car/pico-sdk/src/rp2_common/pico_malloc/pico_malloc.c.obj (calloc)
/usr/lib/gcc/arm-none-eabi/12.2.1/../../../arm-none-eabi/lib/thumb/v6-m/nofp/libc.a(lib_a-callocr.o)
                              /usr/lib/gcc/arm-none-eabi/12.2.1/../../../arm-none-eabi/lib/thumb/v6-m/nofp/libc.a(lib_a-calloc.o) (_calloc_r)
/usr/lib/gcc/arm-none-eabi/12.2.1/../../../arm-none-eabi/lib/thumb/v6-m/nofp/libc.a(lib_a-fini.o)
                              /usr/lib/gcc/arm-none-eabi/12.2.1/../../../arm-none-eabi/lib/thumb/v6-m/nofp/crt0.o (__libc_fini_array)
/usr/lib/gcc/arm-none-eabi/12.2.1/../../../arm-none-eabi/lib/thumb/v6-m/nofp/libc.a(lib_a-impure.o)
                              /usr/lib/gcc/arm-none-eabi/12.2.1/../../../arm-none-eabi/lib/thumb/v6-m/nofp/libc.a(lib_a-calloc.o) (_impure_ptr)
/usr/lib/gcc/arm-none-eabi/12.2.1/../../../arm-none-eabi/lib/thumb/v6-m/nofp/libc.a(lib_a-init.o)
                              /usr/lib/gcc/arm-none-eabi/12.2.1/../../../arm-none-eabi/lib/thumb/v6-m/nofp/crt0.o (__libc_init_array)
/usr/lib/gcc/arm-none-eabi/12.2.1/../../../arm-none-eabi/lib/thumb/v6-m/nofp/libc.a(lib_a-malloc.o)
                              CMakeFiles/blinkExternal.dir/home/tom/RTOS_RC_Car/pico-sdk/src/rp2_common/pico_malloc/pico_malloc.c.obj (malloc)
/usr/lib/gcc/arm-none-eabi/12.2.1/../../../arm-none-eabi/lib/thumb/v6-m/nofp/libc.a(lib_a-mallocr.o)
                              /usr/lib/gcc/arm-none-eabi/12.2.1/../../../arm-none-eabi/lib/thumb/v6-m/nofp/libc.a(lib_a-callocr.o) (_malloc_r)
/usr/lib/gcc/arm-none-eabi/12.2.1/../../../arm-none-eabi/lib/thumb/v6-m/nofp/libc.a(lib_a-mlock.o)
                              /usr/lib/gcc/arm-none-eabi/12.2.1/../../../arm-none-eabi/lib/thumb/v6-m/nofp/libc.a(lib_a-mallocr.o) (__malloc_lock)
/usr/lib/gcc/arm-none-eabi/12.2.1/../../../arm-none-eabi/lib/thumb/v6-m/nofp/libc.a(lib_a-realloc.o)
                              CMakeFiles/blinkExternal.dir/home/tom/RTOS_RC_Car/pico-sdk/src/rp2_common/pico_malloc/pico_malloc.c.obj (realloc)
/usr/lib/gcc/arm-none-eabi/12.2.1/../../../arm-none-eabi/lib/thumb/v6-m/nofp/libc.a(lib_a-reallocr.o)
                              /usr/lib/gcc/arm-none-eabi/12.2.1/../../../arm-none-eabi/lib/thumb/v6-m/nofp/libc.a(lib_a-realloc.o) (_realloc_r)
/usr/lib/gcc/arm-none-eabi/12.2.1/../../../arm-none-eabi/lib/thumb/v6-m/nofp/libc.a(lib_a-sbrkr.o)
                              /usr/lib/gcc/arm-none-eabi/12.2.1/../../../arm-none-eabi/lib/thumb/v6-m/nofp/libc.a(lib_a-mallocr.o) (_sbrk_r)
/usr/lib/gcc/arm-none-eabi/12.2.1/../../../arm-none-eabi/lib/thumb/v6-m/nofp/libc.a(lib_a-strlen-stub.o)
                              CMakeFiles/blinkExternal.dir/home/tom/RTOS_RC_Car/pico-sdk/src/rp2_common/pico_stdio/stdio.c.obj (strlen)
/usr/lib/gcc/arm-none-eabi/12.2.1/../../../arm-none-eabi/lib/thumb/v6-m/nofp/libc.a(lib_a-__atexit.o)
                              /usr/lib/gcc/arm-none-eabi/12.2.1/../../../arm-none-eabi/lib/thumb/v6-m/nofp/libc.a(lib_a-atexit.o) (__register_exitproc)
/usr/lib/gcc/arm-none-eabi/12.2.1/../../../arm-none-eabi/lib/thumb/v6-m/nofp/libc.a(lib_a-freer.o)
                              /usr/lib/gcc/arm-none-eabi/12.2.1/../../../arm-none-eabi/lib/thumb/v6-m/nofp/libc.a(lib_a-malloc.o) (_free_r)
/usr/lib/gcc/arm-none-eabi/12.2.1/../../../arm-none-eabi/lib/thumb/v6-m/nofp/libc.a(lib_a-memmove.o)
                              /usr/lib/gcc/arm-none-eabi/12.2.1/../../../arm-none-eabi/lib/thumb/v6-m/nofp/libc.a(lib_a-reallocr.o) (memmove)
/usr/lib/gcc/arm-none-eabi/12.2.1/../../../arm-none-eabi/lib/thumb/v6-m/nofp/libc.a(lib_a-reent.o)
                              /usr/lib/gcc/arm-none-eabi/12.2.1/../../../arm-none-eabi/lib/thumb/v6-m/nofp/libc.a(lib_a-sbrkr.o) (errno)

Discarded input sections

 .text          0x0000000000000000        0x0 /usr/lib/gcc/arm-none-eabi/12.2.1/thumb/v6-m/nofp/crti.o
 .data          0x0000000000000000        0x0 /usr/lib/gcc/arm-none-eabi/12.2.1/thumb/v6-m/nofp/crti.o
 .bss           0x0000000000000000        0x0 /usr/lib/gcc/arm-none-eabi/12.2.1/thumb/v6-m/nofp/crti.o
 .data          0x0000000000000000        0x4 /usr/lib/gcc/arm-none-eabi/12.2.1/thumb/v6-m/nofp/crtbegin.o
 .rodata        0x0000000000000000       0x24 /usr/lib/gcc/arm-none-eabi/12.2.1/thumb/v6-m/nofp/crtbegin.o
[...]
Memory Configuration

Name             Origin             Length             Attributes
FLASH            0x0000000010000000 0x0000000000200000 xr
RAM              0x0000000020000000 0x0000000000040000 xrw
SCRATCH_X        0x0000000020040000 0x0000000000001000 xrw
SCRATCH_Y        0x0000000020041000 0x0000000000001000 xrw
*default*        0x0000000000000000 0xffffffffffffffff

Linker script and memory map

LOAD /usr/lib/gcc/arm-none-eabi/12.2.1/thumb/v6-m/nofp/crti.o
LOAD /usr/lib/gcc/arm-none-eabi/12.2.1/thumb/v6-m/nofp/crtbegin.o
LOAD /usr/lib/gcc/arm-none-eabi/12.2.1/../../../arm-none-eabi/lib/thumb/v6-m/nofp/crt0.o

.flash_begin    0x0000000010000000        0x0
                0x0000000010000000                __flash_binary_start = .

.boot2          0x0000000010000000      0x100
                0x0000000010000000                __boot2_start__ = .
 *(.boot2)
 .boot2         0x0000000010000000      0x100 /tmp/ccqyecHB.o
                0x0000000010000100                __boot2_end__ = .
                0x0000000000000001                ASSERT (((__boot2_end__ - __boot2_start__) == 0x100), ERROR: Pico second stage bootloader must be 256 bytes in size)

.text           0x0000000010000100     0x5320
                0x0000000010000100                __logical_binary_start = .
 *(.vectors)
 .vectors       0x0000000010000100       0xd4 CMakeFiles/blinkExternal.dir/home/tom/RTOS_RC_Car/pico-sdk/src/rp2_common/pico_standard_link/crt0.S.obj
                0x0000000010000100                __vectors
                0x0000000010000100                __VECTOR_TABLE
                0x00000000100001c0                isr_invalid
                0x00000000100001c0                __default_isrs_start
                0x00000000100001c2                isr_nmi
                0x00000000100001c4                isr_hardfault
                0x00000000100001c6                isr_svcall
                0x00000000100001c8                isr_pendsv
                0x00000000100001ca                isr_systick
                0x00000000100001cc                isr_irq30
                0x00000000100001cc                __unhandled_user_irq
                0x00000000100001cc                isr_irq13
                0x00000000100001cc                isr_irq27
                0x00000000100001cc                isr_irq31
                0x00000000100001cc                isr_irq5
                0x00000000100001cc                isr_irq11
                0x00000000100001cc                isr_irq23
                0x00000000100001cc                isr_irq18
                0x00000000100001cc                isr_irq28
                0x00000000100001cc                isr_irq19
                0x00000000100001cc                isr_irq0
                0x00000000100001cc                isr_irq6
                0x00000000100001cc                isr_irq22
                0x00000000100001cc                isr_irq17
                0x00000000100001cc                isr_irq14
                0x00000000100001cc                isr_irq2
                0x00000000100001cc                isr_irq10
                0x00000000100001cc                isr_irq8
                0x00000000100001cc                isr_irq24
                0x00000000100001cc                isr_irq1
                0x00000000100001cc                isr_irq7
                0x00000000100001cc                isr_irq21
                0x00000000100001cc                isr_irq20
                0x00000000100001cc                isr_irq15
                0x00000000100001cc                isr_irq25
                0x00000000100001cc                isr_irq4
                0x00000000100001cc                isr_irq16
                0x00000000100001cc                isr_irq29
                0x00000000100001cc                isr_irq26
                0x00000000100001cc                __default_isrs_end
                0x00000000100001cc                isr_irq3
                0x00000000100001cc                isr_irq12
                0x00000000100001cc                isr_irq9
                0x00000000100001d2                unhandled_user_irq_num_in_r0
 *(.binary_info_header)
 .binary_info_header
                0x00000000100001d4       0x14 CMakeFiles/blinkExternal.dir/home/tom/RTOS_RC_Car/pico-sdk/src/rp2_common/pico_standard_link/crt0.S.obj
                0x00000000100001e8                __binary_info_header_end = .
 *(.reset)
 .reset         0x00000000100001e8       0xa0 CMakeFiles/blinkExternal.dir/home/tom/RTOS_RC_Car/pico-sdk/src/rp2_common/pico_standard_link/crt0.S.obj
                0x00000000100001e8                _entry_point
 .reset         0x0000000010000288       0x30 CMakeFiles/blinkExternal.dir/home/tom/RTOS_RC_Car/pico-sdk/src/rp2_common/pico_standard_link/binary_info.c.obj
 *(.init)
 .init          0x00000000100002b8        0x4 /usr/lib/gcc/arm-none-eabi/12.2.1/thumb/v6-m/nofp/crti.o
                0x00000000100002b8                _init
 *(EXCLUDE_FILE(*libm.a: *libc.a:*lib_a-mem*.o *libgcc.a:) .text*)
 .text          0x00000000100002bc       0x98 /usr/lib/gcc/arm-none-eabi/12.2.1/thumb/v6-m/nofp/crtbegin.o
 .text.vBlinkTask
                0x0000000010000354       0x1c CMakeFiles/blinkExternal.dir/main.c.obj
                0x0000000010000354                vBlinkTask
 .text.startup.main
                0x0000000010000370       0x34 CMakeFiles/blinkExternal.dir/main.c.obj
                0x0000000010000370                main
 .text.gpio_init
                0x00000000100003a4       0x3c CMakeFiles/blinkExternal.dir/home/tom/RTOS_RC_Car/pico-sdk/src/rp2_common/hardware_gpio/gpio.c.obj
                0x00000000100003a4                gpio_init
 .text.running_on_fpga
                0x00000000100003e0       0x10 CMakeFiles/blinkExternal.dir/home/tom/RTOS_RC_Car/pico-sdk/src/rp2_common/pico_platform/platform.c.obj
                0x00000000100003e0                running_on_fpga
 .text.hw_claim_or_assert
                0x00000000100003f0       0x44 CMakeFiles/blinkExternal.dir/home/tom/RTOS_RC_Car/pico-sdk/src/rp2_common/hardware_claim/claim.c.obj
                0x00000000100003f0                hw_claim_or_assert
 .text.spin_locks_reset
                0x0000000010000434       0x1c CMakeFiles/blinkExternal.dir/home/tom/RTOS_RC_Car/pico-sdk/src/rp2_common/hardware_sync/sync.c.obj
                0x0000000010000434                spin_locks_reset
 .text.next_striped_spin_lock_num
                0x0000000010000450       0x18 CMakeFiles/blinkExternal.dir/home/tom/RTOS_RC_Car/pico-sdk/src/rp2_common/hardware_sync/sync.c.obj
                0x0000000010000450                next_striped_spin_lock_num
 .text.spin_lock_claim
                0x0000000010000468       0x18 CMakeFiles/blinkExternal.dir/home/tom/RTOS_RC_Car/pico-sdk/src/rp2_common/hardware_sync/sync.c.obj
                0x0000000010000468                spin_lock_claim
 .text.irq_set_enabled
                0x0000000010000480       0x24 CMakeFiles/blinkExternal.dir/home/tom/RTOS_RC_Car/pico-sdk/src/rp2_common/hardware_irq/irq.c.obj
                0x0000000010000480                irq_set_enabled
 .text.irq_is_enabled
                0x00000000100004a4       0x18 CMakeFiles/blinkExternal.dir/home/tom/RTOS_RC_Car/pico-sdk/src/rp2_common/hardware_irq/irq.c.obj
                0x00000000100004a4                irq_is_enabled
 .text.irq_get_vtable_handler
                0x00000000100004bc       0x10 CMakeFiles/blinkExternal.dir/home/tom/RTOS_RC_Car/pico-sdk/src/rp2_common/hardware_irq/irq.c.obj
                0x00000000100004bc                irq_get_vtable_handler
 .text.irq_set_exclusive_handler
                0x00000000100004cc       0x54 CMakeFiles/blinkExternal.dir/home/tom/RTOS_RC_Car/pico-sdk/src/rp2_common/hardware_irq/irq.c.obj
                0x00000000100004cc                irq_set_exclusive_handler
 .text.irq_remove_handler
                0x0000000010000520      0x1c4 CMakeFiles/blinkExternal.dir/home/tom/RTOS_RC_Car/pico-sdk/src/rp2_common/hardware_irq/irq.c.obj
                0x0000000010000520                irq_remove_handler
 .text.irq_set_priority
                0x00000000100006e4       0x28 CMakeFiles/blinkExternal.dir/home/tom/RTOS_RC_Car/pico-sdk/src/rp2_common/hardware_irq/irq.c.obj
                0x00000000100006e4                irq_set_priority
 .text.irq_add_tail_to_free_list
                0x000000001000070c       0xb4 CMakeFiles/blinkExternal.dir/home/tom/RTOS_RC_Car/pico-sdk/src/rp2_common/hardware_irq/irq.c.obj
                0x000000001000070c                irq_add_tail_to_free_list
 .text.irq_init_priorities
                0x00000000100007c0       0x24 CMakeFiles/blinkExternal.dir/home/tom/RTOS_RC_Car/pico-sdk/src/rp2_common/hardware_irq/irq.c.obj
                0x00000000100007c0                irq_init_priorities
 .text.lock_init
                0x00000000100007e4       0x10 CMakeFiles/blinkExternal.dir/home/tom/RTOS_RC_Car/pico-sdk/src/common/pico_sync/lock_core.c.obj
                0x00000000100007e4                lock_init
 .text.mutex_init
                0x00000000100007f4       0x1c CMakeFiles/blinkExternal.dir/home/tom/RTOS_RC_Car/pico-sdk/src/common/pico_sync/mutex.c.obj
                0x00000000100007f4                mutex_init
 .text.recursive_mutex_init
                0x0000000010000810       0x20 CMakeFiles/blinkExternal.dir/home/tom/RTOS_RC_Car/pico-sdk/src/common/pico_sync/mutex.c.obj
                0x0000000010000810                recursive_mutex_init
 .text.timer_pool_entry_comparator
                0x0000000010000830       0x34 CMakeFiles/blinkExternal.dir/home/tom/RTOS_RC_Car/pico-sdk/src/common/pico_time/time.c.obj
                0x0000000010000830                timer_pool_entry_comparator
 .text.sleep_until_callback
                0x0000000010000864       0x24 CMakeFiles/blinkExternal.dir/home/tom/RTOS_RC_Car/pico-sdk/src/common/pico_time/time.c.obj
 .text.add_alarm_under_lock.isra.0
                0x0000000010000888      0x100 CMakeFiles/blinkExternal.dir/home/tom/RTOS_RC_Car/pico-sdk/src/common/pico_time/time.c.obj
 .text.alarm_pool_alarm_callback
                0x0000000010000988      0x1c0 CMakeFiles/blinkExternal.dir/home/tom/RTOS_RC_Car/pico-sdk/src/common/pico_time/time.c.obj
 .text.alarm_pool_init_default
                0x0000000010000b48       0x6c CMakeFiles/blinkExternal.dir/home/tom/RTOS_RC_Car/pico-sdk/src/common/pico_time/time.c.obj
                0x0000000010000b48                alarm_pool_init_default
 .text.alarm_pool_add_alarm_at
                0x0000000010000bb4      0x188 CMakeFiles/blinkExternal.dir/home/tom/RTOS_RC_Car/pico-sdk/src/common/pico_time/time.c.obj
                0x0000000010000bb4                alarm_pool_add_alarm_at
 .text.best_effort_wfe_or_timeout
                0x0000000010000d3c       0xec CMakeFiles/blinkExternal.dir/home/tom/RTOS_RC_Car/pico-sdk/src/common/pico_time/time.c.obj
                0x0000000010000d3c                best_effort_wfe_or_timeout
 .text.hardware_alarm_irq_handler
                0x0000000010000e28       0xbc CMakeFiles/blinkExternal.dir/home/tom/RTOS_RC_Car/pico-sdk/src/rp2_common/hardware_timer/timer.c.obj
 .text.hardware_alarm_claim
                0x0000000010000ee4       0x18 CMakeFiles/blinkExternal.dir/home/tom/RTOS_RC_Car/pico-sdk/src/rp2_common/hardware_timer/timer.c.obj
                0x0000000010000ee4                hardware_alarm_claim
 .text.time_us_64
                0x0000000010000efc       0x14 CMakeFiles/blinkExternal.dir/home/tom/RTOS_RC_Car/pico-sdk/src/rp2_common/hardware_timer/timer.c.obj
                0x0000000010000efc                time_us_64
 .text.hardware_alarm_set_callback
                0x0000000010000f10       0x8c CMakeFiles/blinkExternal.dir/home/tom/RTOS_RC_Car/pico-sdk/src/rp2_common/hardware_timer/timer.c.obj
                0x0000000010000f10                hardware_alarm_set_callback
 .text.hardware_alarm_set_target
                0x0000000010000f9c       0xd0 CMakeFiles/blinkExternal.dir/home/tom/RTOS_RC_Car/pico-sdk/src/rp2_common/hardware_timer/timer.c.obj
                0x0000000010000f9c                hardware_alarm_set_target
 .text.hardware_alarm_cancel
                0x000000001000106c       0x3c CMakeFiles/blinkExternal.dir/home/tom/RTOS_RC_Car/pico-sdk/src/rp2_common/hardware_timer/timer.c.obj
                0x000000001000106c                hardware_alarm_cancel
 .text.ph_merge_nodes
                0x00000000100010a8       0x64 CMakeFiles/blinkExternal.dir/home/tom/RTOS_RC_Car/pico-sdk/src/common/pico_util/pheap.c.obj
 .text.ph_post_alloc_init
                0x000000001000110c       0x3c CMakeFiles/blinkExternal.dir/home/tom/RTOS_RC_Car/pico-sdk/src/common/pico_util/pheap.c.obj
                0x000000001000110c                ph_post_alloc_init
 .text.ph_merge_two_pass
                0x0000000010001148       0x98 CMakeFiles/blinkExternal.dir/home/tom/RTOS_RC_Car/pico-sdk/src/common/pico_util/pheap.c.obj
                0x0000000010001148                ph_merge_two_pass
 .text.ph_remove_any_head
                0x00000000100011e0      0x100 CMakeFiles/blinkExternal.dir/home/tom/RTOS_RC_Car/pico-sdk/src/common/pico_util/pheap.c.obj
 .text.ph_remove_head
                0x00000000100012e0      0x104 CMakeFiles/blinkExternal.dir/home/tom/RTOS_RC_Car/pico-sdk/src/common/pico_util/pheap.c.obj
                0x00000000100012e0                ph_remove_head
 .text.ph_remove_and_free_node
                0x00000000100013e4       0x78 CMakeFiles/blinkExternal.dir/home/tom/RTOS_RC_Car/pico-sdk/src/common/pico_util/pheap.c.obj
                0x00000000100013e4                ph_remove_and_free_node
 .text.clocks_init
                0x000000001000145c      0x2c8 CMakeFiles/blinkExternal.dir/home/tom/RTOS_RC_Car/pico-sdk/src/rp2_common/hardware_clocks/clocks.c.obj
                0x000000001000145c                clocks_init
 .text.clock_get_hz
                0x0000000010001724        0xc CMakeFiles/blinkExternal.dir/home/tom/RTOS_RC_Car/pico-sdk/src/rp2_common/hardware_clocks/clocks.c.obj
                0x0000000010001724                clock_get_hz
 .text.pll_init
                0x0000000010001730       0xa0 CMakeFiles/blinkExternal.dir/home/tom/RTOS_RC_Car/pico-sdk/src/rp2_common/hardware_pll/pll.c.obj
                0x0000000010001730                pll_init
 .text.watchdog_start_tick
                0x00000000100017d0       0x10 CMakeFiles/blinkExternal.dir/home/tom/RTOS_RC_Car/pico-sdk/src/rp2_common/hardware_watchdog/watchdog.c.obj
                0x00000000100017d0                watchdog_start_tick
 .text.xosc_init
                0x00000000100017e0       0x28 CMakeFiles/blinkExternal.dir/home/tom/RTOS_RC_Car/pico-sdk/src/rp2_common/hardware_xosc/xosc.c.obj
                0x00000000100017e0                xosc_init
 .text.runtime_init
                0x0000000010001808       0xf0 CMakeFiles/blinkExternal.dir/home/tom/RTOS_RC_Car/pico-sdk/src/rp2_common/pico_runtime/runtime.c.obj
                0x0000000010001808                runtime_init
 .text._exit    0x00000000100018f8        0x4 CMakeFiles/blinkExternal.dir/home/tom/RTOS_RC_Car/pico-sdk/src/rp2_common/pico_runtime/runtime.c.obj
                0x00000000100018f8                _exit
 .text.exit     0x00000000100018fc        0x8 CMakeFiles/blinkExternal.dir/home/tom/RTOS_RC_Car/pico-sdk/src/rp2_common/pico_runtime/runtime.c.obj
                0x00000000100018fc                exit
 .text.panic    0x0000000010001904       0x30 CMakeFiles/blinkExternal.dir/home/tom/RTOS_RC_Car/pico-sdk/src/rp2_common/pico_runtime/runtime.c.obj
                0x0000000010001904                panic
 .text.panic_unsupported
                0x0000000010001934        0xc CMakeFiles/blinkExternal.dir/home/tom/RTOS_RC_Car/pico-sdk/src/rp2_common/pico_runtime/runtime.c.obj
                0x0000000010001934                panic_unsupported
 .text.hard_assertion_failure
                0x0000000010001940        0xc CMakeFiles/blinkExternal.dir/home/tom/RTOS_RC_Car/pico-sdk/src/rp2_common/pico_runtime/runtime.c.obj
                0x0000000010001940                hard_assertion_failure
 .text._out_char
                0x000000001000194c       0x10 CMakeFiles/blinkExternal.dir/home/tom/RTOS_RC_Car/pico-sdk/src/rp2_common/pico_printf/printf.c.obj
 .text.weak_raw_vprintf
                0x000000001000195c       0x30 CMakeFiles/blinkExternal.dir/home/tom/RTOS_RC_Car/pico-sdk/src/rp2_common/pico_printf/printf.c.obj
                0x000000001000195c                weak_raw_vprintf
 .text          0x000000001000198c       0x10 CMakeFiles/blinkExternal.dir/home/tom/RTOS_RC_Car/pico-sdk/src/rp2_common/pico_bit_ops/bit_ops_aeabi.S.obj
 .text.clzsi    0x000000001000199c        0xc CMakeFiles/blinkExternal.dir/home/tom/RTOS_RC_Car/pico-sdk/src/rp2_common/pico_bit_ops/bit_ops_aeabi.S.obj
                0x000000001000199c                __wrap___clz
                0x000000001000199c                __wrap___clzsi2
                0x000000001000199c                __wrap___clzl
 .text.rom_func_lookup
                0x00000000100019a8       0x10 CMakeFiles/blinkExternal.dir/home/tom/RTOS_RC_Car/pico-sdk/src/rp2_common/pico_bootrom/bootrom.c.obj
                0x00000000100019a8                rom_func_lookup
 .text.rom_data_lookup
                0x00000000100019b8       0x10 CMakeFiles/blinkExternal.dir/home/tom/RTOS_RC_Car/pico-sdk/src/rp2_common/pico_bootrom/bootrom.c.obj
                0x00000000100019b8                rom_data_lookup
 .text.rom_funcs_lookup
                0x00000000100019c8       0x44 CMakeFiles/blinkExternal.dir/home/tom/RTOS_RC_Car/pico-sdk/src/rp2_common/pico_bootrom/bootrom.c.obj
                0x00000000100019c8                rom_funcs_lookup
 .text.__wrap___aeabi_uidiv
                0x0000000010001a0c       0x4c CMakeFiles/blinkExternal.dir/home/tom/RTOS_RC_Car/pico-sdk/src/rp2_common/pico_divider/divider.S.obj
                0x0000000010001a0c                __wrap___aeabi_uidiv
                0x0000000010001a0c                __wrap___aeabi_uidivmod
                0x0000000010001a0c                div_u32u32
                0x0000000010001a0c                divmod_u32u32
                0x0000000010001a14                divmod_u32u32_unsafe
                0x0000000010001a3c                divmod_u32u32_savestate
 .text.__wrap___aeabi_ldiv
                0x0000000010001a58      0x424 CMakeFiles/blinkExternal.dir/home/tom/RTOS_RC_Car/pico-sdk/src/rp2_common/pico_divider/divider.S.obj
                0x0000000010001a58                div_s64s64
                0x0000000010001a58                divmod_s64s64
                0x0000000010001a58                __wrap___aeabi_ldivmod
                0x0000000010001a88                div_u64u64
                0x0000000010001a88                divmod_u64u64
                0x0000000010001a88                __wrap___aeabi_uldivmod
                0x0000000010001a98                divmod_u64u64_savestate
                0x0000000010001ab8                divmod_s64s64_unsafe
                0x0000000010001b40                divmod_u64u64_unsafe
 .text.__aeabi_double_init
                0x0000000010001e7c       0x98 CMakeFiles/blinkExternal.dir/home/tom/RTOS_RC_Car/pico-sdk/src/rp2_common/pico_double/double_init_rom.c.obj
                0x0000000010001e7c                __aeabi_double_init
 .text.double_table_shim_on_use_helper
                0x0000000010001f14       0x2c CMakeFiles/blinkExternal.dir/home/tom/RTOS_RC_Car/pico-sdk/src/rp2_common/pico_double/double_v1_rom_shim.S.obj
                0x0000000010001f14                double_table_shim_on_use_helper
 .text.__aeabi_float_init
                0x0000000010001f40       0x64 CMakeFiles/blinkExternal.dir/home/tom/RTOS_RC_Car/pico-sdk/src/rp2_common/pico_float/float_init_rom.c.obj
                0x0000000010001f40                __aeabi_float_init
 .text.float_table_shim_on_use_helper
                0x0000000010001fa4       0x2c CMakeFiles/blinkExternal.dir/home/tom/RTOS_RC_Car/pico-sdk/src/rp2_common/pico_float/float_v1_rom_shim.S.obj
                0x0000000010001fa4                float_table_shim_on_use_helper
 .text          0x0000000010001fd0       0x10 CMakeFiles/blinkExternal.dir/home/tom/RTOS_RC_Car/pico-sdk/src/rp2_common/pico_mem_ops/mem_ops_aeabi.S.obj
                0x0000000010001fd0                __aeabi_mem_init
 .text.memset   0x0000000010001fe0        0xc CMakeFiles/blinkExternal.dir/home/tom/RTOS_RC_Car/pico-sdk/src/rp2_common/pico_mem_ops/mem_ops_aeabi.S.obj
                0x0000000010001fe0                __wrap_memset
 .text.memcpy   0x0000000010001fec        0xc CMakeFiles/blinkExternal.dir/home/tom/RTOS_RC_Car/pico-sdk/src/rp2_common/pico_mem_ops/mem_ops_aeabi.S.obj
                0x0000000010001fec                __wrap___aeabi_memcpy
                0x0000000010001fec                __wrap_memcpy
 .text.stdio_out_chars_crlf
                0x0000000010001ff8       0xbc CMakeFiles/blinkExternal.dir/home/tom/RTOS_RC_Car/pico-sdk/src/rp2_common/pico_stdio/stdio.c.obj
 .text.__wrap_putchar
                0x00000000100020b4       0x98 CMakeFiles/blinkExternal.dir/home/tom/RTOS_RC_Car/pico-sdk/src/rp2_common/pico_stdio/stdio.c.obj
                0x00000000100020b4                __wrap_putchar
 .text.__wrap_puts
                0x000000001000214c       0xe0 CMakeFiles/blinkExternal.dir/home/tom/RTOS_RC_Car/pico-sdk/src/rp2_common/pico_stdio/stdio.c.obj
                0x000000001000214c                __wrap_puts
 .text.vPortSVCHandler
                0x000000001000222c        0x4 CMakeFiles/blinkExternal.dir/home/tom/RTOS_RC_Car/FreeRTOS-Kernel/portable/ThirdParty/GCC/RP2040/port.c.obj
                0x000000001000222c                vPortSVCHandler
 .text.vPortStartFirstTask
                0x0000000010002230       0x38 CMakeFiles/blinkExternal.dir/home/tom/RTOS_RC_Car/FreeRTOS-Kernel/portable/ThirdParty/GCC/RP2040/port.c.obj
 .text.prvFIFOInterruptHandler
                0x0000000010002268       0x2c CMakeFiles/blinkExternal.dir/home/tom/RTOS_RC_Car/FreeRTOS-Kernel/portable/ThirdParty/GCC/RP2040/port.c.obj
 *fill*         0x0000000010002294        0xc 
 .text.xPortPendSVHandler
                0x00000000100022a0       0x78 CMakeFiles/blinkExternal.dir/home/tom/RTOS_RC_Car/FreeRTOS-Kernel/portable/ThirdParty/GCC/RP2040/port.c.obj
                0x00000000100022a0                xPortPendSVHandler
 .text.xPortSysTickHandler
                0x0000000010002318       0x2c CMakeFiles/blinkExternal.dir/home/tom/RTOS_RC_Car/FreeRTOS-Kernel/portable/ThirdParty/GCC/RP2040/port.c.obj
                0x0000000010002318                xPortSysTickHandler
 .text.prvTaskExitError
                0x0000000010002344        0x8 CMakeFiles/blinkExternal.dir/home/tom/RTOS_RC_Car/FreeRTOS-Kernel/portable/ThirdParty/GCC/RP2040/port.c.obj
 .text.pxPortInitialiseStack
                0x000000001000234c       0x20 CMakeFiles/blinkExternal.dir/home/tom/RTOS_RC_Car/FreeRTOS-Kernel/portable/ThirdParty/GCC/RP2040/port.c.obj
                0x000000001000234c                pxPortInitialiseStack
 .text.vPortYield
                0x000000001000236c       0x18 CMakeFiles/blinkExternal.dir/home/tom/RTOS_RC_Car/FreeRTOS-Kernel/portable/ThirdParty/GCC/RP2040/port.c.obj
                0x000000001000236c                vPortYield
 .text.vPortEnableInterrupts
                0x0000000010002384       0x30 CMakeFiles/blinkExternal.dir/home/tom/RTOS_RC_Car/FreeRTOS-Kernel/portable/ThirdParty/GCC/RP2040/port.c.obj
                0x0000000010002384                vPortEnableInterrupts
 .text.vYieldCore
                0x00000000100023b4        0xc CMakeFiles/blinkExternal.dir/home/tom/RTOS_RC_Car/FreeRTOS-Kernel/portable/ThirdParty/GCC/RP2040/port.c.obj
                0x00000000100023b4                vYieldCore
 .text.vPortSetupTimerInterrupt
                0x00000000100023c0       0x34 CMakeFiles/blinkExternal.dir/home/tom/RTOS_RC_Car/FreeRTOS-Kernel/portable/ThirdParty/GCC/RP2040/port.c.obj
                0x00000000100023c0                vPortSetupTimerInterrupt
 .text.xPortStartSchedulerOnCore.isra.0
                0x00000000100023f4       0xac CMakeFiles/blinkExternal.dir/home/tom/RTOS_RC_Car/FreeRTOS-Kernel/portable/ThirdParty/GCC/RP2040/port.c.obj
 .text.prvDisableInterruptsAndPortStartSchedulerOnCore
                0x00000000100024a0        0xc CMakeFiles/blinkExternal.dir/home/tom/RTOS_RC_Car/FreeRTOS-Kernel/portable/ThirdParty/GCC/RP2040/port.c.obj
 .text.xPortStartScheduler
                0x00000000100024ac       0x28 CMakeFiles/blinkExternal.dir/home/tom/RTOS_RC_Car/FreeRTOS-Kernel/portable/ThirdParty/GCC/RP2040/port.c.obj
                0x00000000100024ac                xPortStartScheduler
 .text.ulPortLockGetCurrentOwnerId
                0x00000000100024d4       0x30 CMakeFiles/blinkExternal.dir/home/tom/RTOS_RC_Car/FreeRTOS-Kernel/portable/ThirdParty/GCC/RP2040/port.c.obj
                0x00000000100024d4                ulPortLockGetCurrentOwnerId
 .text.vPortLockInternalSpinUnlockWithNotify
                0x0000000010002504       0x84 CMakeFiles/blinkExternal.dir/home/tom/RTOS_RC_Car/FreeRTOS-Kernel/portable/ThirdParty/GCC/RP2040/port.c.obj
                0x0000000010002504                vPortLockInternalSpinUnlockWithNotify
 .text.xPortLockInternalSpinUnlockWithBestEffortWaitOrTimeout
                0x0000000010002588       0xec CMakeFiles/blinkExternal.dir/home/tom/RTOS_RC_Car/FreeRTOS-Kernel/portable/ThirdParty/GCC/RP2040/port.c.obj
                0x0000000010002588                xPortLockInternalSpinUnlockWithBestEffortWaitOrTimeout
 .text.startup.prvRuntimeInitializer
                0x0000000010002674       0x10 CMakeFiles/blinkExternal.dir/home/tom/RTOS_RC_Car/FreeRTOS-Kernel/portable/ThirdParty/GCC/RP2040/port.c.obj
 .text.vEventGroupSetBitsCallback
                0x0000000010002684       0x8c CMakeFiles/blinkExternal.dir/home/tom/RTOS_RC_Car/FreeRTOS-Kernel/event_groups.c.obj
                0x0000000010002684                vEventGroupSetBitsCallback
 .text.xEventGroupCreate
                0x0000000010002710       0x18 CMakeFiles/blinkExternal.dir/home/tom/RTOS_RC_Car/FreeRTOS-Kernel/event_groups.c.obj
                0x0000000010002710                xEventGroupCreate
 .text.xEventGroupWaitBits
                0x0000000010002728       0xb8 CMakeFiles/blinkExternal.dir/home/tom/RTOS_RC_Car/FreeRTOS-Kernel/event_groups.c.obj
                0x0000000010002728                xEventGroupWaitBits
 .text.xEventGroupSetBits
                0x00000000100027e0       0x90 CMakeFiles/blinkExternal.dir/home/tom/RTOS_RC_Car/FreeRTOS-Kernel/event_groups.c.obj
                0x00000000100027e0                xEventGroupSetBits
 .text.xEventGroupSetBitsFromISR
                0x0000000010002870       0x18 CMakeFiles/blinkExternal.dir/home/tom/RTOS_RC_Car/FreeRTOS-Kernel/event_groups.c.obj
                0x0000000010002870                xEventGroupSetBitsFromISR
 .text.vListInitialise
                0x0000000010002888       0x18 CMakeFiles/blinkExternal.dir/home/tom/RTOS_RC_Car/FreeRTOS-Kernel/list.c.obj
                0x0000000010002888                vListInitialise
 .text.vListInitialiseItem
                0x00000000100028a0        0x8 CMakeFiles/blinkExternal.dir/home/tom/RTOS_RC_Car/FreeRTOS-Kernel/list.c.obj
                0x00000000100028a0                vListInitialiseItem
 .text.vListInsertEnd
                0x00000000100028a8       0x18 CMakeFiles/blinkExternal.dir/home/tom/RTOS_RC_Car/FreeRTOS-Kernel/list.c.obj
                0x00000000100028a8                vListInsertEnd
 .text.vListInsert
                0x00000000100028c0       0x30 CMakeFiles/blinkExternal.dir/home/tom/RTOS_RC_Car/FreeRTOS-Kernel/list.c.obj
                0x00000000100028c0                vListInsert
 .text.uxListRemove
                0x00000000100028f0       0x24 CMakeFiles/blinkExternal.dir/home/tom/RTOS_RC_Car/FreeRTOS-Kernel/list.c.obj
                0x00000000100028f0                uxListRemove
 .text.prvUnlockQueue
                0x0000000010002914      0x16c CMakeFiles/blinkExternal.dir/home/tom/RTOS_RC_Car/FreeRTOS-Kernel/queue.c.obj
 .text.prvNotifyQueueSetContainer
                0x0000000010002a80       0x88 CMakeFiles/blinkExternal.dir/home/tom/RTOS_RC_Car/FreeRTOS-Kernel/queue.c.obj
 .text.xQueueGenericCreate
                0x0000000010002b08       0x6c CMakeFiles/blinkExternal.dir/home/tom/RTOS_RC_Car/FreeRTOS-Kernel/queue.c.obj
                0x0000000010002b08                xQueueGenericCreate
 .text.xQueueGenericSend
                0x0000000010002b74      0x1dc CMakeFiles/blinkExternal.dir/home/tom/RTOS_RC_Car/FreeRTOS-Kernel/queue.c.obj
                0x0000000010002b74                xQueueGenericSend
 .text.xQueueGenericSendFromISR
                0x0000000010002d50      0x128 CMakeFiles/blinkExternal.dir/home/tom/RTOS_RC_Car/FreeRTOS-Kernel/queue.c.obj
                0x0000000010002d50                xQueueGenericSendFromISR
 .text.xQueueReceive
                0x0000000010002e78      0x124 CMakeFiles/blinkExternal.dir/home/tom/RTOS_RC_Car/FreeRTOS-Kernel/queue.c.obj
                0x0000000010002e78                xQueueReceive
 .text.vQueueAddToRegistry
                0x0000000010002f9c       0x60 CMakeFiles/blinkExternal.dir/home/tom/RTOS_RC_Car/FreeRTOS-Kernel/queue.c.obj
                0x0000000010002f9c                vQueueAddToRegistry
 .text.vQueueWaitForMessageRestricted
                0x0000000010002ffc       0x48 CMakeFiles/blinkExternal.dir/home/tom/RTOS_RC_Car/FreeRTOS-Kernel/queue.c.obj
                0x0000000010002ffc                vQueueWaitForMessageRestricted
 .text.prvMinimalIdleTask
                0x0000000010003044       0x18 CMakeFiles/blinkExternal.dir/home/tom/RTOS_RC_Car/FreeRTOS-Kernel/tasks.c.obj
 .text.prvAddCurrentTaskToDelayedList
                0x000000001000305c       0xe0 CMakeFiles/blinkExternal.dir/home/tom/RTOS_RC_Car/FreeRTOS-Kernel/tasks.c.obj
 .text.prvCheckForRunStateChange.part.0
                0x000000001000313c      0x194 CMakeFiles/blinkExternal.dir/home/tom/RTOS_RC_Car/FreeRTOS-Kernel/tasks.c.obj
 .text.vTaskSuspendAll.part.0
                0x00000000100032d0       0xf0 CMakeFiles/blinkExternal.dir/home/tom/RTOS_RC_Car/FreeRTOS-Kernel/tasks.c.obj
 .text.prvYieldForTask
                0x00000000100033c0       0xe0 CMakeFiles/blinkExternal.dir/home/tom/RTOS_RC_Car/FreeRTOS-Kernel/tasks.c.obj
 .text.vTaskSuspendAll
                0x00000000100034a0      0x100 CMakeFiles/blinkExternal.dir/home/tom/RTOS_RC_Car/FreeRTOS-Kernel/tasks.c.obj
                0x00000000100034a0                vTaskSuspendAll
 .text.xTaskGetTickCount
                0x00000000100035a0        0xc CMakeFiles/blinkExternal.dir/home/tom/RTOS_RC_Car/FreeRTOS-Kernel/tasks.c.obj
                0x00000000100035a0                xTaskGetTickCount
 .text.vTaskSwitchContext
                0x00000000100035ac      0x330 CMakeFiles/blinkExternal.dir/home/tom/RTOS_RC_Car/FreeRTOS-Kernel/tasks.c.obj
                0x00000000100035ac                vTaskSwitchContext
 .text.vTaskPlaceOnEventList
                0x00000000100038dc       0xe0 CMakeFiles/blinkExternal.dir/home/tom/RTOS_RC_Car/FreeRTOS-Kernel/tasks.c.obj
                0x00000000100038dc                vTaskPlaceOnEventList
 .text.vTaskPlaceOnUnorderedEventList
                0x00000000100039bc       0x48 CMakeFiles/blinkExternal.dir/home/tom/RTOS_RC_Car/FreeRTOS-Kernel/tasks.c.obj
                0x00000000100039bc                vTaskPlaceOnUnorderedEventList
 .text.vTaskPlaceOnEventListRestricted
                0x0000000010003a04      0x100 CMakeFiles/blinkExternal.dir/home/tom/RTOS_RC_Car/FreeRTOS-Kernel/tasks.c.obj
                0x0000000010003a04                vTaskPlaceOnEventListRestricted
 .text.xTaskRemoveFromEventList
                0x0000000010003b04      0x140 CMakeFiles/blinkExternal.dir/home/tom/RTOS_RC_Car/FreeRTOS-Kernel/tasks.c.obj
                0x0000000010003b04                xTaskRemoveFromEventList
 .text.vTaskInternalSetTimeOutState
                0x0000000010003c44       0x18 CMakeFiles/blinkExternal.dir/home/tom/RTOS_RC_Car/FreeRTOS-Kernel/tasks.c.obj
                0x0000000010003c44                vTaskInternalSetTimeOutState
 .text.xTaskCheckForTimeOut
                0x0000000010003c5c      0x280 CMakeFiles/blinkExternal.dir/home/tom/RTOS_RC_Car/FreeRTOS-Kernel/tasks.c.obj
                0x0000000010003c5c                xTaskCheckForTimeOut
 .text.vTaskMissedYield
                0x0000000010003edc       0x14 CMakeFiles/blinkExternal.dir/home/tom/RTOS_RC_Car/FreeRTOS-Kernel/tasks.c.obj
                0x0000000010003edc                vTaskMissedYield
 .text.xTaskGetCurrentTaskHandle
                0x0000000010003ef0       0x1c CMakeFiles/blinkExternal.dir/home/tom/RTOS_RC_Car/FreeRTOS-Kernel/tasks.c.obj
                0x0000000010003ef0                xTaskGetCurrentTaskHandle
 .text.xTaskGetSchedulerState
                0x0000000010003f0c      0x1ec CMakeFiles/blinkExternal.dir/home/tom/RTOS_RC_Car/FreeRTOS-Kernel/tasks.c.obj
                0x0000000010003f0c                xTaskGetSchedulerState
 .text.xTaskPriorityDisinherit
                0x00000000100040f8       0x58 CMakeFiles/blinkExternal.dir/home/tom/RTOS_RC_Car/FreeRTOS-Kernel/tasks.c.obj
                0x00000000100040f8                xTaskPriorityDisinherit
 .text.vTaskYieldWithinAPI
                0x0000000010004150       0x34 CMakeFiles/blinkExternal.dir/home/tom/RTOS_RC_Car/FreeRTOS-Kernel/tasks.c.obj
                0x0000000010004150                vTaskYieldWithinAPI
 .text.vTaskEnterCritical
                0x0000000010004184      0x10c CMakeFiles/blinkExternal.dir/home/tom/RTOS_RC_Car/FreeRTOS-Kernel/tasks.c.obj
                0x0000000010004184                vTaskEnterCritical
 .text.vTaskExitCritical
                0x0000000010004290       0xe4 CMakeFiles/blinkExternal.dir/home/tom/RTOS_RC_Car/FreeRTOS-Kernel/tasks.c.obj
                0x0000000010004290                vTaskExitCritical
 .text.prvIdleTask
                0x0000000010004374      0x188 CMakeFiles/blinkExternal.dir/home/tom/RTOS_RC_Car/FreeRTOS-Kernel/tasks.c.obj
 .text.xTaskCreateAffinitySet
                0x00000000100044fc      0x290 CMakeFiles/blinkExternal.dir/home/tom/RTOS_RC_Car/FreeRTOS-Kernel/tasks.c.obj
                0x00000000100044fc                xTaskCreateAffinitySet
 .text.xTaskCreate
                0x000000001000478c       0x1c CMakeFiles/blinkExternal.dir/home/tom/RTOS_RC_Car/FreeRTOS-Kernel/tasks.c.obj
                0x000000001000478c                xTaskCreate
 .text.vTaskStartScheduler
                0x00000000100047a8       0xa4 CMakeFiles/blinkExternal.dir/home/tom/RTOS_RC_Car/FreeRTOS-Kernel/tasks.c.obj
                0x00000000100047a8                vTaskStartScheduler
 .text.xTaskIncrementTick
                0x000000001000484c      0x218 CMakeFiles/blinkExternal.dir/home/tom/RTOS_RC_Car/FreeRTOS-Kernel/tasks.c.obj
                0x000000001000484c                xTaskIncrementTick
 .text.xTaskResumeAll.part.0
                0x0000000010004a64      0x118 CMakeFiles/blinkExternal.dir/home/tom/RTOS_RC_Car/FreeRTOS-Kernel/tasks.c.obj
 .text.xTaskResumeAll
                0x0000000010004b7c       0x18 CMakeFiles/blinkExternal.dir/home/tom/RTOS_RC_Car/FreeRTOS-Kernel/tasks.c.obj
                0x0000000010004b7c                xTaskResumeAll
 .text.vTaskDelay
                0x0000000010004b94       0x70 CMakeFiles/blinkExternal.dir/home/tom/RTOS_RC_Car/FreeRTOS-Kernel/tasks.c.obj
                0x0000000010004b94                vTaskDelay
 .text.vTaskRemoveFromUnorderedEventList
                0x0000000010004c04       0x50 CMakeFiles/blinkExternal.dir/home/tom/RTOS_RC_Car/FreeRTOS-Kernel/tasks.c.obj
                0x0000000010004c04                vTaskRemoveFromUnorderedEventList
 .text.uxTaskResetEventItemValue
                0x0000000010004c54       0x48 CMakeFiles/blinkExternal.dir/home/tom/RTOS_RC_Car/FreeRTOS-Kernel/tasks.c.obj
                0x0000000010004c54                uxTaskResetEventItemValue
 .text.prvSwitchTimerLists
                0x0000000010004c9c       0x94 CMakeFiles/blinkExternal.dir/home/tom/RTOS_RC_Car/FreeRTOS-Kernel/timers.c.obj
 .text.prvTimerTask
                0x0000000010004d30      0x24c CMakeFiles/blinkExternal.dir/home/tom/RTOS_RC_Car/FreeRTOS-Kernel/timers.c.obj
 .text.xTimerCreateTimerTask
                0x0000000010004f7c       0x8c CMakeFiles/blinkExternal.dir/home/tom/RTOS_RC_Car/FreeRTOS-Kernel/timers.c.obj
                0x0000000010004f7c                xTimerCreateTimerTask
 .text.xTimerPendFunctionCallFromISR
                0x0000000010005008       0x28 CMakeFiles/blinkExternal.dir/home/tom/RTOS_RC_Car/FreeRTOS-Kernel/timers.c.obj
                0x0000000010005008                xTimerPendFunctionCallFromISR
 .text.exception_set_exclusive_handler
                0x0000000010005030       0x48 CMakeFiles/blinkExternal.dir/home/tom/RTOS_RC_Car/pico-sdk/src/rp2_common/hardware_exception/exception.c.obj
                0x0000000010005030                exception_set_exclusive_handler
 .text.core1_trampoline
                0x0000000010005078        0x4 CMakeFiles/blinkExternal.dir/home/tom/RTOS_RC_Car/pico-sdk/src/rp2_common/pico_multicore/multicore.c.obj
 .text.core1_wrapper
                0x000000001000507c        0xc CMakeFiles/blinkExternal.dir/home/tom/RTOS_RC_Car/pico-sdk/src/rp2_common/pico_multicore/multicore.c.obj
                0x000000001000507c                core1_wrapper
 .text.multicore_launch_core1_raw
                0x0000000010005088       0x84 CMakeFiles/blinkExternal.dir/home/tom/RTOS_RC_Car/pico-sdk/src/rp2_common/pico_multicore/multicore.c.obj
                0x0000000010005088                multicore_launch_core1_raw
 .text.multicore_launch_core1
                0x000000001000510c       0x58 CMakeFiles/blinkExternal.dir/home/tom/RTOS_RC_Car/pico-sdk/src/rp2_common/pico_multicore/multicore.c.obj
                0x000000001000510c                multicore_launch_core1
 .text.pvPortMalloc
                0x0000000010005164      0x184 CMakeFiles/blinkExternal.dir/home/tom/RTOS_RC_Car/FreeRTOS-Kernel/portable/MemMang/heap_4.c.obj
                0x0000000010005164                pvPortMalloc
 .text.vPortFree
                0x00000000100052e8       0x94 CMakeFiles/blinkExternal.dir/home/tom/RTOS_RC_Car/FreeRTOS-Kernel/portable/MemMang/heap_4.c.obj
                0x00000000100052e8                vPortFree
 .text          0x000000001000537c       0x5c /usr/lib/gcc/arm-none-eabi/12.2.1/../../../arm-none-eabi/lib/thumb/v6-m/nofp/libc.a(lib_a-strlen-stub.o)
                0x000000001000537c                strlen
 *(.fini)
 .fini          0x00000000100053d8        0x4 /usr/lib/gcc/arm-none-eabi/12.2.1/thumb/v6-m/nofp/crti.o
                0x00000000100053d8                _fini
 *fill*         0x00000000100053dc        0x4 
 .fini.__stub   0x00000000100053e0       0x40 linker stubs
 *crtbegin.o(.ctors)
 *crtbegin?.o(.ctors)
 *(EXCLUDE_FILE(*crtend.o *crtend?.o) .ctors)
 *(SORT_BY_NAME(.ctors.*))
 *(.ctors)
 *crtbegin.o(.dtors)
 *crtbegin?.o(.dtors)
 *(EXCLUDE_FILE(*crtend.o *crtend?.o) .dtors)
 *(SORT_BY_NAME(.dtors.*))
 *(.dtors)
 *(.eh_frame*)
 .eh_frame      0x0000000010005420        0x0 /usr/lib/gcc/arm-none-eabi/12.2.1/thumb/v6-m/nofp/crtbegin.o
                0x0000000010005420                . = ALIGN (0x4)

.glue_7         0x0000000010005420        0x0
 .glue_7        0x0000000010005420        0x0 linker stubs

.glue_7t        0x0000000010005420        0x0
 .glue_7t       0x0000000010005420        0x0 linker stubs

.vfp11_veneer   0x0000000010005420        0x0
 .vfp11_veneer  0x0000000010005420        0x0 linker stubs

.v4_bx          0x0000000010005420        0x0
 .v4_bx         0x0000000010005420        0x0 linker stubs

.iplt           0x0000000010005420        0x0
 .iplt          0x0000000010005420        0x0 /usr/lib/gcc/arm-none-eabi/12.2.1/thumb/v6-m/nofp/crtbegin.o

.rodata         0x0000000010005420      0x124
 *(EXCLUDE_FILE(*libm.a: *libc.a:*lib_a-mem*.o *libgcc.a:) .rodata*)
 .rodata.main.str1.4
                0x0000000010005420        0xb CMakeFiles/blinkExternal.dir/main.c.obj
 *fill*         0x000000001000542b        0x1 
 .rodata.spin_lock_claim.str1.4
                0x000000001000542c       0x1f CMakeFiles/blinkExternal.dir/home/tom/RTOS_RC_Car/pico-sdk/src/rp2_common/hardware_sync/sync.c.obj
 *fill*         0x000000001000544b        0x1 
 .rodata.hardware_alarm_claim.str1.4
                0x000000001000544c       0x22 CMakeFiles/blinkExternal.dir/home/tom/RTOS_RC_Car/pico-sdk/src/rp2_common/hardware_timer/timer.c.obj
 *fill*         0x000000001000546e        0x2 
 .rodata.panic.str1.4
                0x0000000010005470       0x12 CMakeFiles/blinkExternal.dir/home/tom/RTOS_RC_Car/pico-sdk/src/rp2_common/pico_runtime/runtime.c.obj
 *fill*         0x0000000010005482        0x2 
 .rodata.panic_unsupported.str1.4
                0x0000000010005484        0xe CMakeFiles/blinkExternal.dir/home/tom/RTOS_RC_Car/pico-sdk/src/rp2_common/pico_runtime/runtime.c.obj
 *fill*         0x0000000010005492        0x2 
 .rodata.hard_assertion_failure.str1.4
                0x0000000010005494        0xc CMakeFiles/blinkExternal.dir/home/tom/RTOS_RC_Car/pico-sdk/src/rp2_common/pico_runtime/runtime.c.obj
 .rodata.str1.4
                0x00000000100054a0       0x44 CMakeFiles/blinkExternal.dir/home/tom/RTOS_RC_Car/pico-sdk/src/rp2_common/pico_standard_link/binary_info.c.obj
 .rodata.__bi_81
                0x00000000100054e4        0xc CMakeFiles/blinkExternal.dir/home/tom/RTOS_RC_Car/pico-sdk/src/rp2_common/pico_standard_link/binary_info.c.obj
 .rodata.__bi_75
                0x00000000100054f0        0xc CMakeFiles/blinkExternal.dir/home/tom/RTOS_RC_Car/pico-sdk/src/rp2_common/pico_standard_link/binary_info.c.obj
 .rodata.__bi_44
                0x00000000100054fc        0xc CMakeFiles/blinkExternal.dir/home/tom/RTOS_RC_Car/pico-sdk/src/rp2_common/pico_standard_link/binary_info.c.obj
 .rodata.crlf_str.0
                0x0000000010005508        0x2 CMakeFiles/blinkExternal.dir/home/tom/RTOS_RC_Car/pico-sdk/src/rp2_common/pico_stdio/stdio.c.obj
 *fill*         0x000000001000550a        0x2 
 .rodata.prvTimerTask
                0x000000001000550c       0x28 CMakeFiles/blinkExternal.dir/home/tom/RTOS_RC_Car/FreeRTOS-Kernel/timers.c.obj
 .rodata.xTimerCreateTimerTask.str1.4
                0x0000000010005534       0x10 CMakeFiles/blinkExternal.dir/home/tom/RTOS_RC_Car/FreeRTOS-Kernel/timers.c.obj
                0x0000000010005544                . = ALIGN (0x4)
 *(SORT_BY_ALIGNMENT(SORT_BY_NAME(.flashdata*)))
                0x0000000010005544                . = ALIGN (0x4)

.ARM.extab
 *(.ARM.extab* .gnu.linkonce.armextab.*)
                0x0000000010005544                __exidx_start = .

.ARM.exidx
 *(.ARM.exidx* .gnu.linkonce.armexidx.*)
                0x0000000010005544                __exidx_end = .
                0x0000000010005544                . = ALIGN (0x4)
                0x0000000010005544                __binary_info_start = .

.binary_info    0x0000000010005544       0x1c
 *(.binary_info.keep.*)
 .binary_info.keep.__bi_ptr81
                0x0000000010005544        0x4 CMakeFiles/blinkExternal.dir/home/tom/RTOS_RC_Car/pico-sdk/src/rp2_common/pico_standard_link/binary_info.c.obj
 .binary_info.keep.__bi_ptr75
                0x0000000010005548        0x4 CMakeFiles/blinkExternal.dir/home/tom/RTOS_RC_Car/pico-sdk/src/rp2_common/pico_standard_link/binary_info.c.obj
 .binary_info.keep.__bi_ptr50
                0x000000001000554c        0x4 CMakeFiles/blinkExternal.dir/home/tom/RTOS_RC_Car/pico-sdk/src/rp2_common/pico_standard_link/binary_info.c.obj
 .binary_info.keep.__bi_ptr44
                0x0000000010005550        0x4 CMakeFiles/blinkExternal.dir/home/tom/RTOS_RC_Car/pico-sdk/src/rp2_common/pico_standard_link/binary_info.c.obj
 .binary_info.keep.__bi_ptr38
                0x0000000010005554        0x4 CMakeFiles/blinkExternal.dir/home/tom/RTOS_RC_Car/pico-sdk/src/rp2_common/pico_standard_link/binary_info.c.obj
 .binary_info.keep.__bi_ptr30
                0x0000000010005558        0x4 CMakeFiles/blinkExternal.dir/home/tom/RTOS_RC_Car/pico-sdk/src/rp2_common/pico_standard_link/binary_info.c.obj
 .binary_info.keep.__bi_ptr22
                0x000000001000555c        0x4 CMakeFiles/blinkExternal.dir/home/tom/RTOS_RC_Car/pico-sdk/src/rp2_common/pico_standard_link/binary_info.c.obj
 *(.binary_info.*)
                0x0000000010005560                __binary_info_end = .

.rel.dyn        0x0000000010005560        0x0
 .rel.iplt      0x0000000010005560        0x0 /usr/lib/gcc/arm-none-eabi/12.2.1/thumb/v6-m/nofp/crtbegin.o
                0x0000000010005560                . = ALIGN (0x4)

.ram_vector_table
                0x0000000020000000       0xc0
 *(.ram_vector_table)
 .ram_vector_table
                0x0000000020000000       0xc0 CMakeFiles/blinkExternal.dir/home/tom/RTOS_RC_Car/pico-sdk/src/rp2_common/pico_runtime/runtime.c.obj
                0x0000000020000000                ram_vector_table

.data           0x00000000200000c0      0x1c0 load address 0x0000000010005560
                0x00000000200000c0                __data_start__ = .
 *(vtable)
 *(.time_critical*)
 .time_critical.mutex_try_enter_block_until
                0x00000000200000c0       0xa0 CMakeFiles/blinkExternal.dir/home/tom/RTOS_RC_Car/pico-sdk/src/common/pico_sync/mutex.c.obj
                0x00000000200000c0                mutex_try_enter_block_until
 .time_critical.mutex_exit
                0x0000000020000160       0x20 CMakeFiles/blinkExternal.dir/home/tom/RTOS_RC_Car/pico-sdk/src/common/pico_sync/mutex.c.obj
                0x0000000020000160                mutex_exit
 *(.text*)
 .text          0x0000000020000180        0x4 /usr/lib/gcc/arm-none-eabi/12.2.1/thumb/v6-m/nofp/libgcc.a(_dvmd_tls.o)
                0x0000000020000180                __aeabi_ldiv0
                0x0000000020000180                __aeabi_idiv0
 *fill*         0x0000000020000184        0x4 
 .text.__stub   0x0000000020000188       0x30 linker stubs
                0x00000000200001b8                . = ALIGN (0x4)
 *(.rodata*)
                0x00000000200001b8                . = ALIGN (0x4)
 *(.data*)
 .data.striped_spin_lock_num
                0x00000000200001b8        0x1 CMakeFiles/blinkExternal.dir/home/tom/RTOS_RC_Car/pico-sdk/src/rp2_common/hardware_sync/sync.c.obj
 *fill*         0x00000000200001b9        0x3 
 .data          0x00000000200001bc       0x48 CMakeFiles/blinkExternal.dir/home/tom/RTOS_RC_Car/pico-sdk/src/rp2_common/hardware_irq/irq_handler_chain.S.obj
                0x00000000200001bc                irq_handler_chain_slots
                0x00000000200001ec                irq_handler_chain_first_slot
                0x00000000200001f6                irq_handler_chain_remove_tail
 .data.default_alarm_pool
                0x0000000020000204       0x18 CMakeFiles/blinkExternal.dir/home/tom/RTOS_RC_Car/pico-sdk/src/common/pico_time/time.c.obj
 .data.default_alarm_pool_heap
                0x000000002000021c       0x10 CMakeFiles/blinkExternal.dir/home/tom/RTOS_RC_Car/pico-sdk/src/common/pico_time/time.c.obj
 *fill*         0x000000002000022c        0x4 
 .data.aeabi_bits_funcs
                0x0000000020000230       0x10 CMakeFiles/blinkExternal.dir/home/tom/RTOS_RC_Car/pico-sdk/src/rp2_common/pico_bit_ops/bit_ops_aeabi.S.obj
                0x0000000020000230                aeabi_bits_funcs
                0x0000000020000240                aeabi_bits_funcs_end
 .data.aeabi_mem_funcs
                0x0000000020000240       0x10 CMakeFiles/blinkExternal.dir/home/tom/RTOS_RC_Car/pico-sdk/src/rp2_common/pico_mem_ops/mem_ops_aeabi.S.obj
                0x0000000020000240                aeabi_mem_funcs
                0x0000000020000250                aeabi_mem_funcs_end
 .data.ucPrimaryCoreNum
                0x0000000020000250        0x1 CMakeFiles/blinkExternal.dir/home/tom/RTOS_RC_Car/FreeRTOS-Kernel/portable/ThirdParty/GCC/RP2040/port.c.obj
 *fill*         0x0000000020000251        0x3 
 .data.uxTopUsedPriority
                0x0000000020000254        0x4 CMakeFiles/blinkExternal.dir/home/tom/RTOS_RC_Car/FreeRTOS-Kernel/tasks.c.obj
                0x0000000020000254                uxTopUsedPriority
                0x0000000020000258                . = ALIGN (0x4)
 *(.after_data.*)
                0x0000000020000258                . = ALIGN (0x4)
                0x0000000020000258                PROVIDE (__mutex_array_start = .)
 *(SORT_BY_NAME(.mutex_array.*))
 *(.mutex_array)
 .mutex_array   0x0000000020000258        0x8 CMakeFiles/blinkExternal.dir/home/tom/RTOS_RC_Car/pico-sdk/src/rp2_common/pico_malloc/pico_malloc.c.obj
 .mutex_array   0x0000000020000260        0x8 CMakeFiles/blinkExternal.dir/home/tom/RTOS_RC_Car/pico-sdk/src/rp2_common/pico_stdio/stdio.c.obj
                0x0000000020000268                PROVIDE (__mutex_array_end = .)
                0x0000000020000268                . = ALIGN (0x4)
                0x0000000020000268                PROVIDE (__preinit_array_start = .)
 *(SORT_BY_NAME(.preinit_array.*))
 .preinit_array.00001
                0x0000000020000268        0x4 CMakeFiles/blinkExternal.dir/home/tom/RTOS_RC_Car/pico-sdk/src/rp2_common/pico_mem_ops/mem_ops_aeabi.S.obj
 .preinit_array.00010
                0x000000002000026c        0x4 CMakeFiles/blinkExternal.dir/home/tom/RTOS_RC_Car/pico-sdk/src/rp2_common/pico_bit_ops/bit_ops_aeabi.S.obj
 .preinit_array.00020
                0x0000000020000270        0x4 CMakeFiles/blinkExternal.dir/home/tom/RTOS_RC_Car/pico-sdk/src/rp2_common/pico_double/double_aeabi.S.obj
 .preinit_array.00020
                0x0000000020000274        0x4 CMakeFiles/blinkExternal.dir/home/tom/RTOS_RC_Car/pico-sdk/src/rp2_common/pico_float/float_aeabi.S.obj
 *(.preinit_array)
                0x0000000020000278                PROVIDE (__preinit_array_end = .)
                0x0000000020000278                . = ALIGN (0x4)
                0x0000000020000278                PROVIDE (__init_array_start = .)
 *(SORT_BY_NAME(.init_array.*))
 *(.init_array)
 .init_array    0x0000000020000278        0x4 /usr/lib/gcc/arm-none-eabi/12.2.1/thumb/v6-m/nofp/crtbegin.o
 .init_array    0x000000002000027c        0x4 CMakeFiles/blinkExternal.dir/home/tom/RTOS_RC_Car/FreeRTOS-Kernel/portable/ThirdParty/GCC/RP2040/port.c.obj
                0x0000000020000280                PROVIDE (__init_array_end = .)
                0x0000000020000280                . = ALIGN (0x4)
                0x0000000020000280                PROVIDE (__fini_array_start = .)
 *(SORT_BY_NAME(.fini_array.*))
 *(.fini_array)
                0x0000000020000280                PROVIDE (__fini_array_end = .)
 *(.jcr)
                0x0000000020000280                . = ALIGN (0x4)
                0x0000000020000280                __data_end__ = .
                0x0000000010005560                __etext = LOADADDR (.data)

.tm_clone_table
                0x0000000020000280        0x0 load address 0x0000000010005720
 .tm_clone_table
                0x0000000020000280        0x0 /usr/lib/gcc/arm-none-eabi/12.2.1/thumb/v6-m/nofp/crtbegin.o
 .tm_clone_table
                0x0000000020000280        0x0 /usr/lib/gcc/arm-none-eabi/12.2.1/thumb/v6-m/nofp/crtend.o

.igot.plt       0x0000000020000280        0x0 load address 0x0000000010005720
 .igot.plt      0x0000000020000280        0x0 /usr/lib/gcc/arm-none-eabi/12.2.1/thumb/v6-m/nofp/crtbegin.o

.uninitialized_data
                0x0000000020000280        0x0 load address 0x0000000010005720
                0x0000000020000280                . = ALIGN (0x4)
 *(.uninitialized_data*)

.scratch_x      0x0000000020040000        0x0 load address 0x0000000010005720
                0x0000000020040000                __scratch_x_start__ = .
 *(.scratch_x.*)
                0x0000000020040000                . = ALIGN (0x4)
                0x0000000020040000                __scratch_x_end__ = .
                0x0000000010005720                __scratch_x_source__ = LOADADDR (.scratch_x)

.scratch_y      0x0000000020041000        0x0 load address 0x0000000010005720
                0x0000000020041000                __scratch_y_start__ = .
 *(.scratch_y.*)
                0x0000000020041000                . = ALIGN (0x4)
                0x0000000020041000                __scratch_y_end__ = .
                0x0000000010005720                __scratch_y_source__ = LOADADDR (.scratch_y)

.bss            0x0000000020000280    0x207b4
                0x0000000020000280                . = ALIGN (0x4)
                0x0000000020000280                __bss_start__ = .
 *(SORT_BY_ALIGNMENT(SORT_BY_NAME(.bss*)))
 .bss.configured_freq
                0x0000000020000280       0x28 CMakeFiles/blinkExternal.dir/home/tom/RTOS_RC_Car/pico-sdk/src/rp2_common/hardware_clocks/clocks.c.obj
 .bss.default_alarm_pool_entries
                0x00000000200002a8      0x100 CMakeFiles/blinkExternal.dir/home/tom/RTOS_RC_Car/pico-sdk/src/common/pico_time/time.c.obj
 .bss.sd_table  0x00000000200003a8      0x100 CMakeFiles/blinkExternal.dir/home/tom/RTOS_RC_Car/pico-sdk/src/rp2_common/pico_double/double_init_rom.c.obj
                0x00000000200003a8                sd_table
 .bss.sf_table  0x00000000200004a8      0x100 CMakeFiles/blinkExternal.dir/home/tom/RTOS_RC_Car/pico-sdk/src/rp2_common/pico_float/float_init_rom.c.obj
                0x00000000200004a8                sf_table
 .bss.xQueueRegistry
                0x00000000200005a8       0x40 CMakeFiles/blinkExternal.dir/home/tom/RTOS_RC_Car/FreeRTOS-Kernel/queue.c.obj
                0x00000000200005a8                xQueueRegistry
 .bss           0x00000000200005e8       0x1c /usr/lib/gcc/arm-none-eabi/12.2.1/thumb/v6-m/nofp/crtbegin.o
 .bss.alarm_callbacks
                0x0000000020000604       0x10 CMakeFiles/blinkExternal.dir/home/tom/RTOS_RC_Car/pico-sdk/src/rp2_common/hardware_timer/timer.c.obj
 .bss.claimed   0x0000000020000614        0x4 CMakeFiles/blinkExternal.dir/home/tom/RTOS_RC_Car/pico-sdk/src/rp2_common/hardware_sync/sync.c.obj
 .bss.default_alarm_pool_entry_ids_high
                0x0000000020000618       0x10 CMakeFiles/blinkExternal.dir/home/tom/RTOS_RC_Car/pico-sdk/src/common/pico_time/time.c.obj
 .bss.default_alarm_pool_heap_nodes
                0x0000000020000628       0x30 CMakeFiles/blinkExternal.dir/home/tom/RTOS_RC_Car/pico-sdk/src/common/pico_time/time.c.obj
 .bss.drivers   0x0000000020000658        0x4 CMakeFiles/blinkExternal.dir/home/tom/RTOS_RC_Car/pico-sdk/src/rp2_common/pico_stdio/stdio.c.obj
 .bss.filter    0x000000002000065c        0x4 CMakeFiles/blinkExternal.dir/home/tom/RTOS_RC_Car/pico-sdk/src/rp2_common/pico_stdio/stdio.c.obj
 .bss.lazy_vsnprintf
                0x0000000020000660        0x4 CMakeFiles/blinkExternal.dir/home/tom/RTOS_RC_Car/pico-sdk/src/rp2_common/pico_printf/printf.c.obj
 .bss.pools     0x0000000020000664       0x10 CMakeFiles/blinkExternal.dir/home/tom/RTOS_RC_Car/pico-sdk/src/common/pico_time/time.c.obj
 .bss.pxCurrentTCBs
                0x0000000020000674        0x8 CMakeFiles/blinkExternal.dir/home/tom/RTOS_RC_Car/FreeRTOS-Kernel/tasks.c.obj
                0x0000000020000674                pxCurrentTCBs
 .bss.pxCurrentTimerList
                0x000000002000067c        0x4 CMakeFiles/blinkExternal.dir/home/tom/RTOS_RC_Car/FreeRTOS-Kernel/timers.c.obj
 .bss.pxDelayedTaskList
                0x0000000020000680        0x4 CMakeFiles/blinkExternal.dir/home/tom/RTOS_RC_Car/FreeRTOS-Kernel/tasks.c.obj
 .bss.pxEnd     0x0000000020000684        0x4 CMakeFiles/blinkExternal.dir/home/tom/RTOS_RC_Car/FreeRTOS-Kernel/portable/MemMang/heap_4.c.obj
 .bss.pxOverflowDelayedTaskList
                0x0000000020000688        0x4 CMakeFiles/blinkExternal.dir/home/tom/RTOS_RC_Car/FreeRTOS-Kernel/tasks.c.obj
 .bss.pxOverflowTimerList
                0x000000002000068c        0x4 CMakeFiles/blinkExternal.dir/home/tom/RTOS_RC_Car/FreeRTOS-Kernel/timers.c.obj
 .bss.pxReadyTasksLists
                0x0000000020000690      0x280 CMakeFiles/blinkExternal.dir/home/tom/RTOS_RC_Car/FreeRTOS-Kernel/tasks.c.obj
 .bss.pxYieldSpinLock
                0x0000000020000910        0x8 CMakeFiles/blinkExternal.dir/home/tom/RTOS_RC_Car/FreeRTOS-Kernel/portable/ThirdParty/GCC/RP2040/port.c.obj
 .bss.sf_clz_func
                0x0000000020000918        0x4 CMakeFiles/blinkExternal.dir/home/tom/RTOS_RC_Car/pico-sdk/src/rp2_common/pico_double/double_init_rom.c.obj
                0x0000000020000918                sf_clz_func
 .bss.sleep_notifier
                0x000000002000091c        0x4 CMakeFiles/blinkExternal.dir/home/tom/RTOS_RC_Car/pico-sdk/src/common/pico_time/time.c.obj
 .bss.target_hi
                0x0000000020000920       0x10 CMakeFiles/blinkExternal.dir/home/tom/RTOS_RC_Car/pico-sdk/src/rp2_common/hardware_timer/timer.c.obj
 .bss.ucHeap    0x0000000020000930    0x20000 CMakeFiles/blinkExternal.dir/home/tom/RTOS_RC_Car/FreeRTOS-Kernel/portable/MemMang/heap_4.c.obj
 .bss.ucOwnedByCore.1
                0x0000000020020930        0x2 CMakeFiles/blinkExternal.dir/home/tom/RTOS_RC_Car/FreeRTOS-Kernel/tasks.c.obj
 *fill*         0x0000000020020932        0x2 
 .bss.ucRecursionCountByLock.0
                0x0000000020020934        0x2 CMakeFiles/blinkExternal.dir/home/tom/RTOS_RC_Car/FreeRTOS-Kernel/tasks.c.obj
 *fill*         0x0000000020020936        0x2 
 .bss.ulYieldSpinLockSaveValue
                0x0000000020020938        0x8 CMakeFiles/blinkExternal.dir/home/tom/RTOS_RC_Car/FreeRTOS-Kernel/portable/ThirdParty/GCC/RP2040/port.c.obj
 .bss.uxCurrentNumberOfTasks
                0x0000000020020940        0x4 CMakeFiles/blinkExternal.dir/home/tom/RTOS_RC_Car/FreeRTOS-Kernel/tasks.c.obj
 .bss.uxDeletedTasksWaitingCleanUp
                0x0000000020020944        0x4 CMakeFiles/blinkExternal.dir/home/tom/RTOS_RC_Car/FreeRTOS-Kernel/tasks.c.obj
 .bss.uxSchedulerSuspended
                0x0000000020020948        0x4 CMakeFiles/blinkExternal.dir/home/tom/RTOS_RC_Car/FreeRTOS-Kernel/tasks.c.obj
 .bss.uxTaskNumber
                0x000000002002094c        0x4 CMakeFiles/blinkExternal.dir/home/tom/RTOS_RC_Car/FreeRTOS-Kernel/tasks.c.obj
 .bss.uxTopReadyPriority
                0x0000000020020950        0x4 CMakeFiles/blinkExternal.dir/home/tom/RTOS_RC_Car/FreeRTOS-Kernel/tasks.c.obj
 .bss.xActiveTimerList1
                0x0000000020020954       0x14 CMakeFiles/blinkExternal.dir/home/tom/RTOS_RC_Car/FreeRTOS-Kernel/timers.c.obj
 .bss.xActiveTimerList2
                0x0000000020020968       0x14 CMakeFiles/blinkExternal.dir/home/tom/RTOS_RC_Car/FreeRTOS-Kernel/timers.c.obj
 .bss.xBlockAllocatedBit
                0x000000002002097c        0x4 CMakeFiles/blinkExternal.dir/home/tom/RTOS_RC_Car/FreeRTOS-Kernel/portable/MemMang/heap_4.c.obj
 .bss.xDelayedTaskList1
                0x0000000020020980       0x14 CMakeFiles/blinkExternal.dir/home/tom/RTOS_RC_Car/FreeRTOS-Kernel/tasks.c.obj
 .bss.xDelayedTaskList2
                0x0000000020020994       0x14 CMakeFiles/blinkExternal.dir/home/tom/RTOS_RC_Car/FreeRTOS-Kernel/tasks.c.obj
 .bss.xEventGroup
                0x00000000200209a8        0x4 CMakeFiles/blinkExternal.dir/home/tom/RTOS_RC_Car/FreeRTOS-Kernel/portable/ThirdParty/GCC/RP2040/port.c.obj
 .bss.xFreeBytesRemaining
                0x00000000200209ac        0x4 CMakeFiles/blinkExternal.dir/home/tom/RTOS_RC_Car/FreeRTOS-Kernel/portable/MemMang/heap_4.c.obj
 .bss.xIdleTaskHandle
                0x00000000200209b0        0x8 CMakeFiles/blinkExternal.dir/home/tom/RTOS_RC_Car/FreeRTOS-Kernel/tasks.c.obj
 .bss.xLastTime.0
                0x00000000200209b8        0x4 CMakeFiles/blinkExternal.dir/home/tom/RTOS_RC_Car/FreeRTOS-Kernel/timers.c.obj
 .bss.xMinimumEverFreeBytesRemaining
                0x00000000200209bc        0x4 CMakeFiles/blinkExternal.dir/home/tom/RTOS_RC_Car/FreeRTOS-Kernel/portable/MemMang/heap_4.c.obj
 .bss.xNextTaskUnblockTime
                0x00000000200209c0        0x4 CMakeFiles/blinkExternal.dir/home/tom/RTOS_RC_Car/FreeRTOS-Kernel/tasks.c.obj
 .bss.xNumOfOverflows
                0x00000000200209c4        0x4 CMakeFiles/blinkExternal.dir/home/tom/RTOS_RC_Car/FreeRTOS-Kernel/tasks.c.obj
 .bss.xNumberOfSuccessfulAllocations
                0x00000000200209c8        0x4 CMakeFiles/blinkExternal.dir/home/tom/RTOS_RC_Car/FreeRTOS-Kernel/portable/MemMang/heap_4.c.obj
 .bss.xNumberOfSuccessfulFrees
                0x00000000200209cc        0x4 CMakeFiles/blinkExternal.dir/home/tom/RTOS_RC_Car/FreeRTOS-Kernel/portable/MemMang/heap_4.c.obj
 .bss.xPendedTicks
                0x00000000200209d0        0x4 CMakeFiles/blinkExternal.dir/home/tom/RTOS_RC_Car/FreeRTOS-Kernel/tasks.c.obj
 .bss.xPendingReadyList
                0x00000000200209d4       0x14 CMakeFiles/blinkExternal.dir/home/tom/RTOS_RC_Car/FreeRTOS-Kernel/tasks.c.obj
 .bss.xSchedulerRunning
                0x00000000200209e8        0x4 CMakeFiles/blinkExternal.dir/home/tom/RTOS_RC_Car/FreeRTOS-Kernel/tasks.c.obj
 .bss.xStart    0x00000000200209ec        0x8 CMakeFiles/blinkExternal.dir/home/tom/RTOS_RC_Car/FreeRTOS-Kernel/portable/MemMang/heap_4.c.obj
 .bss.xSuspendedTaskList
                0x00000000200209f4       0x14 CMakeFiles/blinkExternal.dir/home/tom/RTOS_RC_Car/FreeRTOS-Kernel/tasks.c.obj
 .bss.xTasksWaitingTermination
                0x0000000020020a08       0x14 CMakeFiles/blinkExternal.dir/home/tom/RTOS_RC_Car/FreeRTOS-Kernel/tasks.c.obj
 .bss.xTickCount
                0x0000000020020a1c        0x4 CMakeFiles/blinkExternal.dir/home/tom/RTOS_RC_Car/FreeRTOS-Kernel/tasks.c.obj
 .bss.xTimerQueue
                0x0000000020020a20        0x4 CMakeFiles/blinkExternal.dir/home/tom/RTOS_RC_Car/FreeRTOS-Kernel/timers.c.obj
 .bss.xTimerTaskHandle
                0x0000000020020a24        0x4 CMakeFiles/blinkExternal.dir/home/tom/RTOS_RC_Car/FreeRTOS-Kernel/timers.c.obj
 .bss.xYieldPendings
                0x0000000020020a28        0x8 CMakeFiles/blinkExternal.dir/home/tom/RTOS_RC_Car/FreeRTOS-Kernel/tasks.c.obj
 .bss.claimed   0x0000000020020a30        0x1 CMakeFiles/blinkExternal.dir/home/tom/RTOS_RC_Car/pico-sdk/src/rp2_common/hardware_timer/timer.c.obj
 .bss.irq_hander_chain_free_slot_head
                0x0000000020020a31        0x1 CMakeFiles/blinkExternal.dir/home/tom/RTOS_RC_Car/pico-sdk/src/rp2_common/hardware_irq/irq.c.obj
 .bss.timer_callbacks_pending
                0x0000000020020a32        0x1 CMakeFiles/blinkExternal.dir/home/tom/RTOS_RC_Car/pico-sdk/src/rp2_common/hardware_timer/timer.c.obj
 *(COMMON)
                0x0000000020020a34                . = ALIGN (0x4)
 *fill*         0x0000000020020a33        0x1 
                0x0000000020020a34                __bss_end__ = .

.heap           0x0000000020020a34      0x800
                0x0000000020020a34                __end__ = .
                0x0000000020020a34                end = __end__
 *(.heap*)
 .heap          0x0000000020020a34      0x800 CMakeFiles/blinkExternal.dir/home/tom/RTOS_RC_Car/pico-sdk/src/rp2_common/pico_standard_link/crt0.S.obj
                0x0000000020021234                __HeapLimit = .

.stack1_dummy   0x0000000020040000      0x800
 *(.stack1*)
 .stack1        0x0000000020040000      0x800 CMakeFiles/blinkExternal.dir/home/tom/RTOS_RC_Car/pico-sdk/src/rp2_common/pico_multicore/multicore.c.obj

.stack_dummy    0x0000000020041000      0x800
 *(.stack*)
 .stack         0x0000000020041000      0x800 CMakeFiles/blinkExternal.dir/home/tom/RTOS_RC_Car/pico-sdk/src/rp2_common/pico_standard_link/crt0.S.obj

.flash_end      0x0000000010005720        0x0
                0x0000000010005720                PROVIDE (__flash_binary_end = .)
                0x0000000020040000                __StackLimit = (ORIGIN (RAM) + LENGTH (RAM))
                0x0000000020041000                __StackOneTop = (ORIGIN (SCRATCH_X) + LENGTH (SCRATCH_X))
                0x0000000020042000                __StackTop = (ORIGIN (SCRATCH_Y) + LENGTH (SCRATCH_Y))
                0x0000000020040800                __StackOneBottom = (__StackOneTop - SIZEOF (.stack1_dummy))
                0x0000000020041800                __StackBottom = (__StackTop - SIZEOF (.stack_dummy))
                0x0000000020042000                PROVIDE (__stack = __StackTop)
                0x0000000000000001                ASSERT ((__StackLimit >= __HeapLimit), region RAM overflowed)
                0x0000000000000001                ASSERT (((__binary_info_header_end - __logical_binary_start) <= 0x100), Binary info must be in first 256 bytes of the binary)
LOAD CMakeFiles/blinkExternal.dir/main.c.obj
LOAD CMakeFiles/blinkExternal.dir/home/tom/RTOS_RC_Car/pico-sdk/src/rp2_common/pico_stdlib/stdlib.c.obj
LOAD CMakeFiles/blinkExternal.dir/home/tom/RTOS_RC_Car/pico-sdk/src/rp2_common/hardware_gpio/gpio.c.obj
LOAD CMakeFiles/blinkExternal.dir/home/tom/RTOS_RC_Car/pico-sdk/src/rp2_common/pico_platform/platform.c.obj
LOAD CMakeFiles/blinkExternal.dir/home/tom/RTOS_RC_Car/pico-sdk/src/rp2_common/hardware_claim/claim.c.obj
LOAD CMakeFiles/blinkExternal.dir/home/tom/RTOS_RC_Car/pico-sdk/src/rp2_common/hardware_sync/sync.c.obj
LOAD CMakeFiles/blinkExternal.dir/home/tom/RTOS_RC_Car/pico-sdk/src/rp2_common/hardware_irq/irq.c.obj
LOAD CMakeFiles/blinkExternal.dir/home/tom/RTOS_RC_Car/pico-sdk/src/rp2_common/hardware_irq/irq_handler_chain.S.obj
LOAD CMakeFiles/blinkExternal.dir/home/tom/RTOS_RC_Car/pico-sdk/src/common/pico_sync/sem.c.obj
LOAD CMakeFiles/blinkExternal.dir/home/tom/RTOS_RC_Car/pico-sdk/src/common/pico_sync/lock_core.c.obj
LOAD CMakeFiles/blinkExternal.dir/home/tom/RTOS_RC_Car/pico-sdk/src/common/pico_sync/mutex.c.obj
LOAD CMakeFiles/blinkExternal.dir/home/tom/RTOS_RC_Car/pico-sdk/src/common/pico_sync/critical_section.c.obj
LOAD CMakeFiles/blinkExternal.dir/home/tom/RTOS_RC_Car/pico-sdk/src/common/pico_time/time.c.obj
LOAD CMakeFiles/blinkExternal.dir/home/tom/RTOS_RC_Car/pico-sdk/src/common/pico_time/timeout_helper.c.obj
LOAD CMakeFiles/blinkExternal.dir/home/tom/RTOS_RC_Car/pico-sdk/src/rp2_common/hardware_timer/timer.c.obj
LOAD CMakeFiles/blinkExternal.dir/home/tom/RTOS_RC_Car/pico-sdk/src/common/pico_util/datetime.c.obj
LOAD CMakeFiles/blinkExternal.dir/home/tom/RTOS_RC_Car/pico-sdk/src/common/pico_util/pheap.c.obj
LOAD CMakeFiles/blinkExternal.dir/home/tom/RTOS_RC_Car/pico-sdk/src/common/pico_util/queue.c.obj
LOAD CMakeFiles/blinkExternal.dir/home/tom/RTOS_RC_Car/pico-sdk/src/rp2_common/hardware_uart/uart.c.obj
LOAD CMakeFiles/blinkExternal.dir/home/tom/RTOS_RC_Car/pico-sdk/src/rp2_common/hardware_clocks/clocks.c.obj
LOAD CMakeFiles/blinkExternal.dir/home/tom/RTOS_RC_Car/pico-sdk/src/rp2_common/hardware_pll/pll.c.obj
LOAD CMakeFiles/blinkExternal.dir/home/tom/RTOS_RC_Car/pico-sdk/src/rp2_common/hardware_vreg/vreg.c.obj
LOAD CMakeFiles/blinkExternal.dir/home/tom/RTOS_RC_Car/pico-sdk/src/rp2_common/hardware_watchdog/watchdog.c.obj
LOAD CMakeFiles/blinkExternal.dir/home/tom/RTOS_RC_Car/pico-sdk/src/rp2_common/hardware_xosc/xosc.c.obj
LOAD CMakeFiles/blinkExternal.dir/home/tom/RTOS_RC_Car/pico-sdk/src/rp2_common/hardware_divider/divider.S.obj
LOAD CMakeFiles/blinkExternal.dir/home/tom/RTOS_RC_Car/pico-sdk/src/rp2_common/pico_runtime/runtime.c.obj
LOAD CMakeFiles/blinkExternal.dir/home/tom/RTOS_RC_Car/pico-sdk/src/rp2_common/pico_printf/printf.c.obj
LOAD CMakeFiles/blinkExternal.dir/home/tom/RTOS_RC_Car/pico-sdk/src/rp2_common/pico_bit_ops/bit_ops_aeabi.S.obj
LOAD CMakeFiles/blinkExternal.dir/home/tom/RTOS_RC_Car/pico-sdk/src/rp2_common/pico_bootrom/bootrom.c.obj
LOAD CMakeFiles/blinkExternal.dir/home/tom/RTOS_RC_Car/pico-sdk/src/rp2_common/pico_divider/divider.S.obj
LOAD CMakeFiles/blinkExternal.dir/home/tom/RTOS_RC_Car/pico-sdk/src/rp2_common/pico_double/double_aeabi.S.obj
LOAD CMakeFiles/blinkExternal.dir/home/tom/RTOS_RC_Car/pico-sdk/src/rp2_common/pico_double/double_init_rom.c.obj
LOAD CMakeFiles/blinkExternal.dir/home/tom/RTOS_RC_Car/pico-sdk/src/rp2_common/pico_double/double_math.c.obj
LOAD CMakeFiles/blinkExternal.dir/home/tom/RTOS_RC_Car/pico-sdk/src/rp2_common/pico_double/double_v1_rom_shim.S.obj
LOAD CMakeFiles/blinkExternal.dir/home/tom/RTOS_RC_Car/pico-sdk/src/rp2_common/pico_int64_ops/pico_int64_ops_aeabi.S.obj
LOAD CMakeFiles/blinkExternal.dir/home/tom/RTOS_RC_Car/pico-sdk/src/rp2_common/pico_float/float_aeabi.S.obj
LOAD CMakeFiles/blinkExternal.dir/home/tom/RTOS_RC_Car/pico-sdk/src/rp2_common/pico_float/float_init_rom.c.obj
LOAD CMakeFiles/blinkExternal.dir/home/tom/RTOS_RC_Car/pico-sdk/src/rp2_common/pico_float/float_math.c.obj
LOAD CMakeFiles/blinkExternal.dir/home/tom/RTOS_RC_Car/pico-sdk/src/rp2_common/pico_float/float_v1_rom_shim.S.obj
LOAD CMakeFiles/blinkExternal.dir/home/tom/RTOS_RC_Car/pico-sdk/src/rp2_common/pico_malloc/pico_malloc.c.obj
LOAD CMakeFiles/blinkExternal.dir/home/tom/RTOS_RC_Car/pico-sdk/src/rp2_common/pico_mem_ops/mem_ops_aeabi.S.obj
LOAD CMakeFiles/blinkExternal.dir/home/tom/RTOS_RC_Car/pico-sdk/src/rp2_common/pico_standard_link/crt0.S.obj
LOAD CMakeFiles/blinkExternal.dir/home/tom/RTOS_RC_Car/pico-sdk/src/rp2_common/pico_standard_link/new_delete.cpp.obj
LOAD CMakeFiles/blinkExternal.dir/home/tom/RTOS_RC_Car/pico-sdk/src/rp2_common/pico_standard_link/binary_info.c.obj
LOAD CMakeFiles/blinkExternal.dir/home/tom/RTOS_RC_Car/pico-sdk/src/rp2_common/pico_stdio/stdio.c.obj
LOAD CMakeFiles/blinkExternal.dir/home/tom/RTOS_RC_Car/pico-sdk/src/rp2_common/pico_stdio_uart/stdio_uart.c.obj
LOAD CMakeFiles/blinkExternal.dir/home/tom/RTOS_RC_Car/FreeRTOS-Kernel/portable/ThirdParty/GCC/RP2040/port.c.obj
LOAD CMakeFiles/blinkExternal.dir/home/tom/RTOS_RC_Car/FreeRTOS-Kernel/croutine.c.obj
LOAD CMakeFiles/blinkExternal.dir/home/tom/RTOS_RC_Car/FreeRTOS-Kernel/event_groups.c.obj
LOAD CMakeFiles/blinkExternal.dir/home/tom/RTOS_RC_Car/FreeRTOS-Kernel/list.c.obj
LOAD CMakeFiles/blinkExternal.dir/home/tom/RTOS_RC_Car/FreeRTOS-Kernel/queue.c.obj
LOAD CMakeFiles/blinkExternal.dir/home/tom/RTOS_RC_Car/FreeRTOS-Kernel/stream_buffer.c.obj
LOAD CMakeFiles/blinkExternal.dir/home/tom/RTOS_RC_Car/FreeRTOS-Kernel/tasks.c.obj
LOAD CMakeFiles/blinkExternal.dir/home/tom/RTOS_RC_Car/FreeRTOS-Kernel/timers.c.obj
LOAD CMakeFiles/blinkExternal.dir/home/tom/RTOS_RC_Car/pico-sdk/src/rp2_common/hardware_exception/exception.c.obj
LOAD CMakeFiles/blinkExternal.dir/home/tom/RTOS_RC_Car/pico-sdk/src/rp2_common/pico_multicore/multicore.c.obj
LOAD CMakeFiles/blinkExternal.dir/home/tom/RTOS_RC_Car/FreeRTOS-Kernel/portable/MemMang/heap_4.c.obj
LOAD /tmp/ccqyecHB.o
LOAD /usr/lib/gcc/arm-none-eabi/12.2.1/../../../arm-none-eabi/lib/thumb/v6-m/nofp/libstdc++.a
LOAD /usr/lib/gcc/arm-none-eabi/12.2.1/../../../arm-none-eabi/lib/thumb/v6-m/nofp/libm.a
START GROUP
LOAD /usr/lib/gcc/arm-none-eabi/12.2.1/thumb/v6-m/nofp/libgcc.a
LOAD /usr/lib/gcc/arm-none-eabi/12.2.1/../../../arm-none-eabi/lib/thumb/v6-m/nofp/libc.a
END GROUP
START GROUP
LOAD /usr/lib/gcc/arm-none-eabi/12.2.1/thumb/v6-m/nofp/libgcc.a
LOAD /usr/lib/gcc/arm-none-eabi/12.2.1/../../../arm-none-eabi/lib/thumb/v6-m/nofp/libc.a
LOAD /usr/lib/gcc/arm-none-eabi/12.2.1/../../../arm-none-eabi/lib/thumb/v6-m/nofp/libnosys.a
END GROUP
LOAD /usr/lib/gcc/arm-none-eabi/12.2.1/thumb/v6-m/nofp/crtend.o
LOAD /usr/lib/gcc/arm-none-eabi/12.2.1/thumb/v6-m/nofp/crtn.o
OUTPUT(blinkExternal.elf elf32-littlearm)
LOAD linker stubs

.ARM.attributes
                0x0000000000000000       0x28
 .ARM.attributes
                0x0000000000000000       0x1e /usr/lib/gcc/arm-none-eabi/12.2.1/thumb/v6-m/nofp/crti.o
 .ARM.attributes
                0x000000000000001e       0x2c /usr/lib/gcc/arm-none-eabi/12.2.1/thumb/v6-m/nofp/crtbegin.o
 .ARM.attributes
                0x000000000000004a       0x2c CMakeFiles/blinkExternal.dir/main.c.obj
 .ARM.attributes
                0x0000000000000076       0x2c CMakeFiles/blinkExternal.dir/home/tom/RTOS_RC_Car/pico-sdk/src/rp2_common/hardware_gpio/gpio.c.obj
 .ARM.attributes
                0x00000000000000a2       0x2c CMakeFiles/blinkExternal.dir/home/tom/RTOS_RC_Car/pico-sdk/src/rp2_common/pico_platform/platform.c.obj
 .ARM.attributes
                0x00000000000000ce       0x2c CMakeFiles/blinkExternal.dir/home/tom/RTOS_RC_Car/pico-sdk/src/rp2_common/hardware_claim/claim.c.obj
 .ARM.attributes
                0x00000000000000fa       0x2c CMakeFiles/blinkExternal.dir/home/tom/RTOS_RC_Car/pico-sdk/src/rp2_common/hardware_sync/sync.c.obj
 .ARM.attributes
                0x0000000000000126       0x2c CMakeFiles/blinkExternal.dir/home/tom/RTOS_RC_Car/pico-sdk/src/rp2_common/hardware_irq/irq.c.obj
 .ARM.attributes
                0x0000000000000152       0x22 CMakeFiles/blinkExternal.dir/home/tom/RTOS_RC_Car/pico-sdk/src/rp2_common/hardware_irq/irq_handler_chain.S.obj
 .ARM.attributes
                0x0000000000000174       0x2c CMakeFiles/blinkExternal.dir/home/tom/RTOS_RC_Car/pico-sdk/src/common/pico_sync/lock_core.c.obj
 .ARM.attributes
                0x00000000000001a0       0x2c CMakeFiles/blinkExternal.dir/home/tom/RTOS_RC_Car/pico-sdk/src/common/pico_sync/mutex.c.obj
 .ARM.attributes
                0x00000000000001cc       0x2c CMakeFiles/blinkExternal.dir/home/tom/RTOS_RC_Car/pico-sdk/src/common/pico_time/time.c.obj
 .ARM.attributes
                0x00000000000001f8       0x2c CMakeFiles/blinkExternal.dir/home/tom/RTOS_RC_Car/pico-sdk/src/rp2_common/hardware_timer/timer.c.obj
 .ARM.attributes
                0x0000000000000224       0x2c CMakeFiles/blinkExternal.dir/home/tom/RTOS_RC_Car/pico-sdk/src/common/pico_util/pheap.c.obj
 .ARM.attributes
                0x0000000000000250       0x2c CMakeFiles/blinkExternal.dir/home/tom/RTOS_RC_Car/pico-sdk/src/rp2_common/hardware_clocks/clocks.c.obj
 .ARM.attributes
                0x000000000000027c       0x2c CMakeFiles/blinkExternal.dir/home/tom/RTOS_RC_Car/pico-sdk/src/rp2_common/hardware_pll/pll.c.obj
 .ARM.attributes
                0x00000000000002a8       0x2c CMakeFiles/blinkExternal.dir/home/tom/RTOS_RC_Car/pico-sdk/src/rp2_common/hardware_watchdog/watchdog.c.obj
 .ARM.attributes
                0x00000000000002d4       0x2c CMakeFiles/blinkExternal.dir/home/tom/RTOS_RC_Car/pico-sdk/src/rp2_common/hardware_xosc/xosc.c.obj
 .ARM.attributes
                0x0000000000000300       0x2c CMakeFiles/blinkExternal.dir/home/tom/RTOS_RC_Car/pico-sdk/src/rp2_common/pico_runtime/runtime.c.obj
 .ARM.attributes
                0x000000000000032c       0x2c CMakeFiles/blinkExternal.dir/home/tom/RTOS_RC_Car/pico-sdk/src/rp2_common/pico_printf/printf.c.obj
 .ARM.attributes
                0x0000000000000358       0x22 CMakeFiles/blinkExternal.dir/home/tom/RTOS_RC_Car/pico-sdk/src/rp2_common/pico_bit_ops/bit_ops_aeabi.S.obj
 .ARM.attributes
                0x000000000000037a       0x2c CMakeFiles/blinkExternal.dir/home/tom/RTOS_RC_Car/pico-sdk/src/rp2_common/pico_bootrom/bootrom.c.obj
 .ARM.attributes
                0x00000000000003a6       0x22 CMakeFiles/blinkExternal.dir/home/tom/RTOS_RC_Car/pico-sdk/src/rp2_common/pico_divider/divider.S.obj
 .ARM.attributes
                0x00000000000003c8       0x22 CMakeFiles/blinkExternal.dir/home/tom/RTOS_RC_Car/pico-sdk/src/rp2_common/pico_double/double_aeabi.S.obj
 .ARM.attributes
                0x00000000000003ea       0x2c CMakeFiles/blinkExternal.dir/home/tom/RTOS_RC_Car/pico-sdk/src/rp2_common/pico_double/double_init_rom.c.obj
 .ARM.attributes
                0x0000000000000416       0x22 CMakeFiles/blinkExternal.dir/home/tom/RTOS_RC_Car/pico-sdk/src/rp2_common/pico_double/double_v1_rom_shim.S.obj
 .ARM.attributes
                0x0000000000000438       0x22 CMakeFiles/blinkExternal.dir/home/tom/RTOS_RC_Car/pico-sdk/src/rp2_common/pico_float/float_aeabi.S.obj
 .ARM.attributes
                0x000000000000045a       0x2c CMakeFiles/blinkExternal.dir/home/tom/RTOS_RC_Car/pico-sdk/src/rp2_common/pico_float/float_init_rom.c.obj
 .ARM.attributes
                0x0000000000000486       0x22 CMakeFiles/blinkExternal.dir/home/tom/RTOS_RC_Car/pico-sdk/src/rp2_common/pico_float/float_v1_rom_shim.S.obj
 .ARM.attributes
                0x00000000000004a8       0x2c CMakeFiles/blinkExternal.dir/home/tom/RTOS_RC_Car/pico-sdk/src/rp2_common/pico_malloc/pico_malloc.c.obj
 .ARM.attributes
                0x00000000000004d4       0x22 CMakeFiles/blinkExternal.dir/home/tom/RTOS_RC_Car/pico-sdk/src/rp2_common/pico_mem_ops/mem_ops_aeabi.S.obj
 .ARM.attributes
                0x00000000000004f6       0x22 CMakeFiles/blinkExternal.dir/home/tom/RTOS_RC_Car/pico-sdk/src/rp2_common/pico_standard_link/crt0.S.obj
 .ARM.attributes
                0x0000000000000518       0x2c CMakeFiles/blinkExternal.dir/home/tom/RTOS_RC_Car/pico-sdk/src/rp2_common/pico_standard_link/binary_info.c.obj
 .ARM.attributes
                0x0000000000000544       0x2c CMakeFiles/blinkExternal.dir/home/tom/RTOS_RC_Car/pico-sdk/src/rp2_common/pico_stdio/stdio.c.obj
 .ARM.attributes
                0x0000000000000570       0x2c CMakeFiles/blinkExternal.dir/home/tom/RTOS_RC_Car/FreeRTOS-Kernel/portable/ThirdParty/GCC/RP2040/port.c.obj
 .ARM.attributes
                0x000000000000059c       0x2c CMakeFiles/blinkExternal.dir/home/tom/RTOS_RC_Car/FreeRTOS-Kernel/event_groups.c.obj
 .ARM.attributes
                0x00000000000005c8       0x2c CMakeFiles/blinkExternal.dir/home/tom/RTOS_RC_Car/FreeRTOS-Kernel/list.c.obj
 .ARM.attributes
                0x00000000000005f4       0x2c CMakeFiles/blinkExternal.dir/home/tom/RTOS_RC_Car/FreeRTOS-Kernel/queue.c.obj
 .ARM.attributes
                0x0000000000000620       0x2c CMakeFiles/blinkExternal.dir/home/tom/RTOS_RC_Car/FreeRTOS-Kernel/tasks.c.obj
 .ARM.attributes
                0x000000000000064c       0x2c CMakeFiles/blinkExternal.dir/home/tom/RTOS_RC_Car/FreeRTOS-Kernel/timers.c.obj
 .ARM.attributes
                0x0000000000000678       0x2c CMakeFiles/blinkExternal.dir/home/tom/RTOS_RC_Car/pico-sdk/src/rp2_common/hardware_exception/exception.c.obj
 .ARM.attributes
                0x00000000000006a4       0x2c CMakeFiles/blinkExternal.dir/home/tom/RTOS_RC_Car/pico-sdk/src/rp2_common/pico_multicore/multicore.c.obj
 .ARM.attributes
                0x00000000000006d0       0x2c CMakeFiles/blinkExternal.dir/home/tom/RTOS_RC_Car/FreeRTOS-Kernel/portable/MemMang/heap_4.c.obj
 .ARM.attributes
                0x00000000000006fc       0x22 /tmp/ccqyecHB.o
 .ARM.attributes
                0x000000000000071e       0x1e /usr/lib/gcc/arm-none-eabi/12.2.1/thumb/v6-m/nofp/libgcc.a(_dvmd_tls.o)
 .ARM.attributes
                0x000000000000073c       0x2c /usr/lib/gcc/arm-none-eabi/12.2.1/../../../arm-none-eabi/lib/thumb/v6-m/nofp/libc.a(lib_a-strlen-stub.o)
 .ARM.attributes
                0x0000000000000768       0x2c /usr/lib/gcc/arm-none-eabi/12.2.1/thumb/v6-m/nofp/crtend.o

.comment        0x0000000000000000       0x59
 .comment       0x0000000000000000       0x26 /usr/lib/gcc/arm-none-eabi/12.2.1/thumb/v6-m/nofp/crtbegin.o
                                         0x27 (size before relaxing)
 .comment       0x0000000000000026       0x27 CMakeFiles/blinkExternal.dir/main.c.obj
 .comment       0x0000000000000026       0x27 CMakeFiles/blinkExternal.dir/home/tom/RTOS_RC_Car/pico-sdk/src/rp2_common/hardware_gpio/gpio.c.obj
 .comment       0x0000000000000026       0x27 CMakeFiles/blinkExternal.dir/home/tom/RTOS_RC_Car/pico-sdk/src/rp2_common/pico_platform/platform.c.obj
 .comment       0x0000000000000026       0x27 CMakeFiles/blinkExternal.dir/home/tom/RTOS_RC_Car/pico-sdk/src/rp2_common/hardware_claim/claim.c.obj
 .comment       0x0000000000000026       0x27 CMakeFiles/blinkExternal.dir/home/tom/RTOS_RC_Car/pico-sdk/src/rp2_common/hardware_sync/sync.c.obj
 .comment       0x0000000000000026       0x27 CMakeFiles/blinkExternal.dir/home/tom/RTOS_RC_Car/pico-sdk/src/rp2_common/hardware_irq/irq.c.obj
 .comment       0x0000000000000026       0x27 CMakeFiles/blinkExternal.dir/home/tom/RTOS_RC_Car/pico-sdk/src/common/pico_sync/lock_core.c.obj
 .comment       0x0000000000000026       0x27 CMakeFiles/blinkExternal.dir/home/tom/RTOS_RC_Car/pico-sdk/src/common/pico_sync/mutex.c.obj
 .comment       0x0000000000000026       0x27 CMakeFiles/blinkExternal.dir/home/tom/RTOS_RC_Car/pico-sdk/src/common/pico_time/time.c.obj
 .comment       0x0000000000000026       0x27 CMakeFiles/blinkExternal.dir/home/tom/RTOS_RC_Car/pico-sdk/src/rp2_common/hardware_timer/timer.c.obj
 .comment       0x0000000000000026       0x27 CMakeFiles/blinkExternal.dir/home/tom/RTOS_RC_Car/pico-sdk/src/common/pico_util/pheap.c.obj
 .comment       0x0000000000000026       0x27 CMakeFiles/blinkExternal.dir/home/tom/RTOS_RC_Car/pico-sdk/src/rp2_common/hardware_clocks/clocks.c.obj
 .comment       0x0000000000000026       0x27 CMakeFiles/blinkExternal.dir/home/tom/RTOS_RC_Car/pico-sdk/src/rp2_common/hardware_pll/pll.c.obj
 .comment       0x0000000000000026       0x27 CMakeFiles/blinkExternal.dir/home/tom/RTOS_RC_Car/pico-sdk/src/rp2_common/hardware_watchdog/watchdog.c.obj
 .comment       0x0000000000000026       0x27 CMakeFiles/blinkExternal.dir/home/tom/RTOS_RC_Car/pico-sdk/src/rp2_common/hardware_xosc/xosc.c.obj
 .comment       0x0000000000000026       0x27 CMakeFiles/blinkExternal.dir/home/tom/RTOS_RC_Car/pico-sdk/src/rp2_common/pico_runtime/runtime.c.obj
 .comment       0x0000000000000026       0x27 CMakeFiles/blinkExternal.dir/home/tom/RTOS_RC_Car/pico-sdk/src/rp2_common/pico_printf/printf.c.obj
 .comment       0x0000000000000026       0x27 CMakeFiles/blinkExternal.dir/home/tom/RTOS_RC_Car/pico-sdk/src/rp2_common/pico_bootrom/bootrom.c.obj
 .comment       0x0000000000000026       0x27 CMakeFiles/blinkExternal.dir/home/tom/RTOS_RC_Car/pico-sdk/src/rp2_common/pico_double/double_init_rom.c.obj
 .comment       0x0000000000000026       0x27 CMakeFiles/blinkExternal.dir/home/tom/RTOS_RC_Car/pico-sdk/src/rp2_common/pico_float/float_init_rom.c.obj
 .comment       0x0000000000000026       0x27 CMakeFiles/blinkExternal.dir/home/tom/RTOS_RC_Car/pico-sdk/src/rp2_common/pico_malloc/pico_malloc.c.obj
 .comment       0x0000000000000026       0x27 CMakeFiles/blinkExternal.dir/home/tom/RTOS_RC_Car/pico-sdk/src/rp2_common/pico_standard_link/binary_info.c.obj
 .comment       0x0000000000000026       0x27 CMakeFiles/blinkExternal.dir/home/tom/RTOS_RC_Car/pico-sdk/src/rp2_common/pico_stdio/stdio.c.obj
 .comment       0x0000000000000026       0x27 CMakeFiles/blinkExternal.dir/home/tom/RTOS_RC_Car/FreeRTOS-Kernel/portable/ThirdParty/GCC/RP2040/port.c.obj
 .comment       0x0000000000000026       0x27 CMakeFiles/blinkExternal.dir/home/tom/RTOS_RC_Car/FreeRTOS-Kernel/event_groups.c.obj
 .comment       0x0000000000000026       0x27 CMakeFiles/blinkExternal.dir/home/tom/RTOS_RC_Car/FreeRTOS-Kernel/list.c.obj
 .comment       0x0000000000000026       0x27 CMakeFiles/blinkExternal.dir/home/tom/RTOS_RC_Car/FreeRTOS-Kernel/queue.c.obj
 .comment       0x0000000000000026       0x27 CMakeFiles/blinkExternal.dir/home/tom/RTOS_RC_Car/FreeRTOS-Kernel/tasks.c.obj
 .comment       0x0000000000000026       0x27 CMakeFiles/blinkExternal.dir/home/tom/RTOS_RC_Car/FreeRTOS-Kernel/timers.c.obj
 .comment       0x0000000000000026       0x27 CMakeFiles/blinkExternal.dir/home/tom/RTOS_RC_Car/pico-sdk/src/rp2_common/hardware_exception/exception.c.obj
 .comment       0x0000000000000026       0x27 CMakeFiles/blinkExternal.dir/home/tom/RTOS_RC_Car/pico-sdk/src/rp2_common/pico_multicore/multicore.c.obj
 .comment       0x0000000000000026       0x27 CMakeFiles/blinkExternal.dir/home/tom/RTOS_RC_Car/FreeRTOS-Kernel/portable/MemMang/heap_4.c.obj
 .comment       0x0000000000000026       0x33 /usr/lib/gcc/arm-none-eabi/12.2.1/../../../arm-none-eabi/lib/thumb/v6-m/nofp/libc.a(lib_a-strlen-stub.o)
                                         0x34 (size before relaxing)
 .comment       0x0000000000000059       0x27 /usr/lib/gcc/arm-none-eabi/12.2.1/thumb/v6-m/nofp/crtend.o

.debug_line     0x0000000000000000      0x1bc
 .debug_line    0x0000000000000000       0x4a /usr/lib/gcc/arm-none-eabi/12.2.1/thumb/v6-m/nofp/libgcc.a(_dvmd_tls.o)
 .debug_line    0x000000000000004a      0x172 /usr/lib/gcc/arm-none-eabi/12.2.1/../../../arm-none-eabi/lib/thumb/v6-m/nofp/libc.a(lib_a-strlen-stub.o)

.debug_line_str
                0x0000000000000000       0x97
 .debug_line_str
                0x0000000000000000       0x97 /usr/lib/gcc/arm-none-eabi/12.2.1/thumb/v6-m/nofp/libgcc.a(_dvmd_tls.o)

.debug_info     0x0000000000000000      0x127
 .debug_info    0x0000000000000000       0x39 /usr/lib/gcc/arm-none-eabi/12.2.1/thumb/v6-m/nofp/libgcc.a(_dvmd_tls.o)
 .debug_info    0x0000000000000039       0xee /usr/lib/gcc/arm-none-eabi/12.2.1/../../../arm-none-eabi/lib/thumb/v6-m/nofp/libc.a(lib_a-strlen-stub.o)

.debug_abbrev   0x0000000000000000       0xae
 .debug_abbrev  0x0000000000000000       0x1f /usr/lib/gcc/arm-none-eabi/12.2.1/thumb/v6-m/nofp/libgcc.a(_dvmd_tls.o)
 .debug_abbrev  0x000000000000001f       0x8f /usr/lib/gcc/arm-none-eabi/12.2.1/../../../arm-none-eabi/lib/thumb/v6-m/nofp/libc.a(lib_a-strlen-stub.o)

.debug_aranges  0x0000000000000000       0x40
 .debug_aranges
                0x0000000000000000       0x20 /usr/lib/gcc/arm-none-eabi/12.2.1/thumb/v6-m/nofp/libgcc.a(_dvmd_tls.o)
 .debug_aranges
                0x0000000000000020       0x20 /usr/lib/gcc/arm-none-eabi/12.2.1/../../../arm-none-eabi/lib/thumb/v6-m/nofp/libc.a(lib_a-strlen-stub.o)

.debug_str      0x0000000000000000      0x24b
 .debug_str     0x0000000000000000       0xbf /usr/lib/gcc/arm-none-eabi/12.2.1/thumb/v6-m/nofp/libgcc.a(_dvmd_tls.o)
 .debug_str     0x00000000000000bf      0x18c /usr/lib/gcc/arm-none-eabi/12.2.1/../../../arm-none-eabi/lib/thumb/v6-m/nofp/libc.a(lib_a-strlen-stub.o)
                                        0x1c5 (size before relaxing)

.debug_loc      0x0000000000000000       0x90
 .debug_loc     0x0000000000000000       0x90 /usr/lib/gcc/arm-none-eabi/12.2.1/../../../arm-none-eabi/lib/thumb/v6-m/nofp/libc.a(lib_a-strlen-stub.o)

.debug_frame    0x0000000000000000       0x28
 .debug_frame   0x0000000000000000       0x28 /usr/lib/gcc/arm-none-eabi/12.2.1/../../../arm-none-eabi/lib/thumb/v6-m/nofp/libc.a(lib_a-strlen-stub.o)
